<?xml version="1.0" encoding="utf-8"?>
<TestRun id="7f0655fe-f647-451e-a3e2-ec7aff9863ef" name="claus.elmann@LAPTOP-2Q5GS5I8 2026-04-05 00:59:07" runUser="F24\claus.elmann" xmlns="http://microsoft.com/schemas/VisualStudio/TeamTest/2010">
  <Times creation="2026-04-05T00:59:07.2940096+02:00" queuing="2026-04-05T00:59:07.2940100+02:00" start="2026-04-05T00:59:05.1060431+02:00" finish="2026-04-05T01:01:04.4115674+02:00" />
  <TestSettings name="default" id="08997225-15b3-40f5-a1f8-a09f5804cd0d">
    <Deployment runDeploymentRoot="claus.elmann_LAPTOP-2Q5GS5I8_2026-04-05_00_59_07" />
  </TestSettings>
  <Results>
    <UnitTestResult executionId="a19982c0-618e-43cd-8687-4166c6a66228" testId="fef5af75-593f-4da4-fc26-afb5afa64846" testName="GreenAi.E2E.Visual.NavigationVisualTests.UserProfile_AllDevices" computerName="LAPTOP-2Q5GS5I8" duration="00:00:11.0777634" startTime="2026-04-05T01:00:09.8912586+02:00" endTime="2026-04-05T01:00:20.9698615+02:00" testType="13cdc9d9-ddb5-4fa4-a97d-d965ccfc6d4b" outcome="Failed" testListId="8c84fa94-04c1-424b-9868-57a2d4851a1d" relativeResultsDirectory="a19982c0-618e-43cd-8687-4166c6a66228">
      <Output>
        <ErrorInfo>
          <Message>System.Exception : Visual test failed on 4/4 device(s):
[Desktop 1920×1080] Content top (0px) is above TopBar bottom (48px) on Desktop — main content is being clipped by the app bar.
[Laptop 1366×768] Content top (0px) is above TopBar bottom (48px) on Laptop — main content is being clipped by the app bar.
[Tablet 1024×768] Content top (0px) is above TopBar bottom (48px) on Tablet — main content is being clipped by the app bar.
[Mobile 390×844] Content top (0px) is above TopBar bottom (48px) on Mobile — main content is being clipped by the app bar.</Message>
          <StackTrace>   at GreenAi.E2E.Visual.VisualTestBase.ForEachDeviceAsync(Func`3 testAction, String callerName) in C:\Udvikling\green-ai\tests\GreenAi.E2E\Visual\VisualTestBase.cs:line 107&#xD;
--- End of stack trace from previous location ---</StackTrace>
        </ErrorInfo>
      </Output>
    </UnitTestResult>
    <UnitTestResult executionId="bd937fa5-5709-49d6-af2b-898078aa5119" testId="24013c7e-979c-08e4-9cb8-c3b861d94655" testName="GreenAi.E2E.Visual.NavigationVisualTests.Resize_Desktop_To_Mobile" computerName="LAPTOP-2Q5GS5I8" duration="00:00:03.4631608" startTime="2026-04-05T01:01:00.8275179+02:00" endTime="2026-04-05T01:01:04.2912526+02:00" testType="13cdc9d9-ddb5-4fa4-a97d-d965ccfc6d4b" outcome="Failed" testListId="8c84fa94-04c1-424b-9868-57a2d4851a1d" relativeResultsDirectory="bd937fa5-5709-49d6-af2b-898078aa5119">
      <Output>
        <ErrorInfo>
          <Message>System.Exception : Content top (0px) is above TopBar bottom (48px) on Desktop — main content is being clipped by the app bar.</Message>
          <StackTrace>   at GreenAi.E2E.Visual.VisualTestBase.AssertTopBarNotClippingContentAsync(IPage page, DeviceProfile device) in C:\Udvikling\green-ai\tests\GreenAi.E2E\Visual\VisualTestBase.cs:line 259&#xD;
   at GreenAi.E2E.Visual.NavigationVisualTests.Resize_Desktop_To_Mobile() in C:\Udvikling\green-ai\tests\GreenAi.E2E\Visual\NavigationVisualTests.cs:line 180&#xD;
   at GreenAi.E2E.Visual.NavigationVisualTests.Resize_Desktop_To_Mobile() in C:\Udvikling\green-ai\tests\GreenAi.E2E\Visual\NavigationVisualTests.cs:line 198&#xD;
--- End of stack trace from previous location ---</StackTrace>
        </ErrorInfo>
      </Output>
    </UnitTestResult>
    <UnitTestResult executionId="263ce954-fc62-4737-a061-cc958058a483" testId="794ce17b-ba8c-ab7d-5fb9-401bad973950" testName="GreenAi.E2E.Visual.NavigationVisualTests.OverlayNav_ESCCloses_AllDevices" computerName="LAPTOP-2Q5GS5I8" duration="00:00:29.4914756" startTime="2026-04-05T01:00:31.3348040+02:00" endTime="2026-04-05T01:01:00.8270032+02:00" testType="13cdc9d9-ddb5-4fa4-a97d-d965ccfc6d4b" outcome="Failed" testListId="8c84fa94-04c1-424b-9868-57a2d4851a1d" relativeResultsDirectory="263ce954-fc62-4737-a061-cc958058a483">
      <Output>
        <ErrorInfo>
          <Message>System.Exception : Visual test failed on 4/4 device(s):
[Desktop 1920×1080] Timeout 5000ms exceeded.
[Laptop 1366×768] Timeout 5000ms exceeded.
[Tablet 1024×768] Timeout 5000ms exceeded.
[Mobile 390×844] Timeout 5000ms exceeded.</Message>
          <StackTrace>   at GreenAi.E2E.Visual.VisualTestBase.ForEachDeviceAsync(Func`3 testAction, String callerName) in C:\Udvikling\green-ai\tests\GreenAi.E2E\Visual\VisualTestBase.cs:line 107&#xD;
--- End of stack trace from previous location ---</StackTrace>
        </ErrorInfo>
      </Output>
    </UnitTestResult>
    <UnitTestResult executionId="72f9eace-c371-4fe0-82ad-d646675b3a21" testId="ecbc3c83-a864-026a-57fc-8ef120975fa0" testName="GreenAi.E2E.Visual.NavigationVisualTests.CommandPalette_TypeFilters_AndNavigates_AllDevices" computerName="LAPTOP-2Q5GS5I8" duration="00:00:10.3634888" startTime="2026-04-05T01:00:20.9705470+02:00" endTime="2026-04-05T01:00:31.3341742+02:00" testType="13cdc9d9-ddb5-4fa4-a97d-d965ccfc6d4b" outcome="Passed" testListId="8c84fa94-04c1-424b-9868-57a2d4851a1d" relativeResultsDirectory="72f9eace-c371-4fe0-82ad-d646675b3a21" />
    <UnitTestResult executionId="13fdf76a-97c1-44b5-bdd8-fb38ffdaff1e" testId="a3d4b2d4-68d8-743e-8f21-b9ca19f8b1b2" testName="GreenAi.E2E.Visual.NavigationVisualTests.Dashboard_AllDevices" computerName="LAPTOP-2Q5GS5I8" duration="00:00:10.3885916" startTime="2026-04-05T00:59:06.9984678+02:00" endTime="2026-04-05T00:59:17.3963425+02:00" testType="13cdc9d9-ddb5-4fa4-a97d-d965ccfc6d4b" outcome="Failed" testListId="8c84fa94-04c1-424b-9868-57a2d4851a1d" relativeResultsDirectory="13fdf76a-97c1-44b5-bdd8-fb38ffdaff1e">
      <Output>
        <ErrorInfo>
          <Message>System.Exception : Visual test failed on 4/4 device(s):
[Desktop 1920×1080] Content top (0px) is above TopBar bottom (48px) on Desktop — main content is being clipped by the app bar.
[Laptop 1366×768] Content top (0px) is above TopBar bottom (48px) on Laptop — main content is being clipped by the app bar.
[Tablet 1024×768] Content top (0px) is above TopBar bottom (48px) on Tablet — main content is being clipped by the app bar.
[Mobile 390×844] Content top (0px) is above TopBar bottom (48px) on Mobile — main content is being clipped by the app bar.</Message>
          <StackTrace>   at GreenAi.E2E.Visual.VisualTestBase.ForEachDeviceAsync(Func`3 testAction, String callerName) in C:\Udvikling\green-ai\tests\GreenAi.E2E\Visual\VisualTestBase.cs:line 107&#xD;
--- End of stack trace from previous location ---</StackTrace>
        </ErrorInfo>
      </Output>
    </UnitTestResult>
    <UnitTestResult executionId="1e02a819-3fc6-4c6d-b2ab-081b730f2961" testId="69e3b573-07a4-c60c-20b5-b5ee3ecbe577" testName="GreenAi.E2E.Visual.NavigationVisualTests.OverlayNav_Open_AllDevices" computerName="LAPTOP-2Q5GS5I8" duration="00:00:42.1179271" startTime="2026-04-05T00:59:17.3977845+02:00" endTime="2026-04-05T00:59:59.5169791+02:00" testType="13cdc9d9-ddb5-4fa4-a97d-d965ccfc6d4b" outcome="Failed" testListId="8c84fa94-04c1-424b-9868-57a2d4851a1d" relativeResultsDirectory="1e02a819-3fc6-4c6d-b2ab-081b730f2961">
      <Output>
        <ErrorInfo>
          <Message>System.Exception : Visual test failed on 1/4 device(s):
[Mobile 390×844] Timeout 30000ms exceeded.</Message>
          <StackTrace>   at GreenAi.E2E.Visual.VisualTestBase.ForEachDeviceAsync(Func`3 testAction, String callerName) in C:\Udvikling\green-ai\tests\GreenAi.E2E\Visual\VisualTestBase.cs:line 107&#xD;
--- End of stack trace from previous location ---</StackTrace>
        </ErrorInfo>
      </Output>
    </UnitTestResult>
    <UnitTestResult executionId="92959633-d71c-4c68-ba4a-d1a0e176bb67" testId="c0565992-6d34-3a4a-b8ad-8f6f597c45bc" testName="GreenAi.E2E.Visual.NavigationVisualTests.CommandPalette_Open_AllDevices" computerName="LAPTOP-2Q5GS5I8" duration="00:00:10.3716307" startTime="2026-04-05T00:59:59.5187452+02:00" endTime="2026-04-05T01:00:09.8904906+02:00" testType="13cdc9d9-ddb5-4fa4-a97d-d965ccfc6d4b" outcome="Passed" testListId="8c84fa94-04c1-424b-9868-57a2d4851a1d" relativeResultsDirectory="92959633-d71c-4c68-ba4a-d1a0e176bb67" />
    <UnitTestResult executionId="b4c29828-3198-4bbf-8841-d5b84c9fe487" testId="49d10efe-881d-c66e-07a2-36ab46a91ea3" testName="GreenAi.E2E.VisualAnalysis.ExportVisualAnalysisTests.ExportVisualAnalysisPackage" computerName="LAPTOP-2Q5GS5I8" duration="00:00:00.4169006" startTime="2026-04-05T00:59:06.6389412+02:00" endTime="2026-04-05T00:59:07.0712031+02:00" testType="13cdc9d9-ddb5-4fa4-a97d-d965ccfc6d4b" outcome="Passed" testListId="8c84fa94-04c1-424b-9868-57a2d4851a1d" relativeResultsDirectory="b4c29828-3198-4bbf-8841-d5b84c9fe487" />
  </Results>
  <TestDefinitions>
    <UnitTest name="GreenAi.E2E.VisualAnalysis.ExportVisualAnalysisTests.ExportVisualAnalysisPackage" storage="c:\udvikling\green-ai\tests\greenai.e2e\bin\debug\net10.0\greenai.e2e.dll" id="49d10efe-881d-c66e-07a2-36ab46a91ea3">
      <Execution id="b4c29828-3198-4bbf-8841-d5b84c9fe487" />
      <TestMethod codeBase="C:\Udvikling\green-ai\tests\GreenAi.E2E\bin\Debug\net10.0\GreenAi.E2E.dll" adapterTypeName="executor://xunit/VsTestRunner3/netcore/" className="GreenAi.E2E.VisualAnalysis.ExportVisualAnalysisTests" name="ExportVisualAnalysisPackage" />
    </UnitTest>
    <UnitTest name="GreenAi.E2E.Visual.NavigationVisualTests.Dashboard_AllDevices" storage="c:\udvikling\green-ai\tests\greenai.e2e\bin\debug\net10.0\greenai.e2e.dll" id="a3d4b2d4-68d8-743e-8f21-b9ca19f8b1b2">
      <Execution id="13fdf76a-97c1-44b5-bdd8-fb38ffdaff1e" />
      <TestMethod codeBase="C:\Udvikling\green-ai\tests\GreenAi.E2E\bin\Debug\net10.0\GreenAi.E2E.dll" adapterTypeName="executor://xunit/VsTestRunner3/netcore/" className="GreenAi.E2E.Visual.NavigationVisualTests" name="Dashboard_AllDevices" />
    </UnitTest>
    <UnitTest name="GreenAi.E2E.Visual.NavigationVisualTests.CommandPalette_Open_AllDevices" storage="c:\udvikling\green-ai\tests\greenai.e2e\bin\debug\net10.0\greenai.e2e.dll" id="c0565992-6d34-3a4a-b8ad-8f6f597c45bc">
      <Execution id="92959633-d71c-4c68-ba4a-d1a0e176bb67" />
      <TestMethod codeBase="C:\Udvikling\green-ai\tests\GreenAi.E2E\bin\Debug\net10.0\GreenAi.E2E.dll" adapterTypeName="executor://xunit/VsTestRunner3/netcore/" className="GreenAi.E2E.Visual.NavigationVisualTests" name="CommandPalette_Open_AllDevices" />
    </UnitTest>
    <UnitTest name="GreenAi.E2E.Visual.NavigationVisualTests.OverlayNav_ESCCloses_AllDevices" storage="c:\udvikling\green-ai\tests\greenai.e2e\bin\debug\net10.0\greenai.e2e.dll" id="794ce17b-ba8c-ab7d-5fb9-401bad973950">
      <Execution id="263ce954-fc62-4737-a061-cc958058a483" />
      <TestMethod codeBase="C:\Udvikling\green-ai\tests\GreenAi.E2E\bin\Debug\net10.0\GreenAi.E2E.dll" adapterTypeName="executor://xunit/VsTestRunner3/netcore/" className="GreenAi.E2E.Visual.NavigationVisualTests" name="OverlayNav_ESCCloses_AllDevices" />
    </UnitTest>
    <UnitTest name="GreenAi.E2E.Visual.NavigationVisualTests.CommandPalette_TypeFilters_AndNavigates_AllDevices" storage="c:\udvikling\green-ai\tests\greenai.e2e\bin\debug\net10.0\greenai.e2e.dll" id="ecbc3c83-a864-026a-57fc-8ef120975fa0">
      <Execution id="72f9eace-c371-4fe0-82ad-d646675b3a21" />
      <TestMethod codeBase="C:\Udvikling\green-ai\tests\GreenAi.E2E\bin\Debug\net10.0\GreenAi.E2E.dll" adapterTypeName="executor://xunit/VsTestRunner3/netcore/" className="GreenAi.E2E.Visual.NavigationVisualTests" name="CommandPalette_TypeFilters_AndNavigates_AllDevices" />
    </UnitTest>
    <UnitTest name="GreenAi.E2E.Visual.NavigationVisualTests.UserProfile_AllDevices" storage="c:\udvikling\green-ai\tests\greenai.e2e\bin\debug\net10.0\greenai.e2e.dll" id="fef5af75-593f-4da4-fc26-afb5afa64846">
      <Execution id="a19982c0-618e-43cd-8687-4166c6a66228" />
      <TestMethod codeBase="C:\Udvikling\green-ai\tests\GreenAi.E2E\bin\Debug\net10.0\GreenAi.E2E.dll" adapterTypeName="executor://xunit/VsTestRunner3/netcore/" className="GreenAi.E2E.Visual.NavigationVisualTests" name="UserProfile_AllDevices" />
    </UnitTest>
    <UnitTest name="GreenAi.E2E.Visual.NavigationVisualTests.OverlayNav_Open_AllDevices" storage="c:\udvikling\green-ai\tests\greenai.e2e\bin\debug\net10.0\greenai.e2e.dll" id="69e3b573-07a4-c60c-20b5-b5ee3ecbe577">
      <Execution id="1e02a819-3fc6-4c6d-b2ab-081b730f2961" />
      <TestMethod codeBase="C:\Udvikling\green-ai\tests\GreenAi.E2E\bin\Debug\net10.0\GreenAi.E2E.dll" adapterTypeName="executor://xunit/VsTestRunner3/netcore/" className="GreenAi.E2E.Visual.NavigationVisualTests" name="OverlayNav_Open_AllDevices" />
    </UnitTest>
    <UnitTest name="GreenAi.E2E.Visual.NavigationVisualTests.Resize_Desktop_To_Mobile" storage="c:\udvikling\green-ai\tests\greenai.e2e\bin\debug\net10.0\greenai.e2e.dll" id="24013c7e-979c-08e4-9cb8-c3b861d94655">
      <Execution id="bd937fa5-5709-49d6-af2b-898078aa5119" />
      <TestMethod codeBase="C:\Udvikling\green-ai\tests\GreenAi.E2E\bin\Debug\net10.0\GreenAi.E2E.dll" adapterTypeName="executor://xunit/VsTestRunner3/netcore/" className="GreenAi.E2E.Visual.NavigationVisualTests" name="Resize_Desktop_To_Mobile" />
    </UnitTest>
  </TestDefinitions>
  <TestEntries>
    <TestEntry testId="fef5af75-593f-4da4-fc26-afb5afa64846" executionId="a19982c0-618e-43cd-8687-4166c6a66228" testListId="8c84fa94-04c1-424b-9868-57a2d4851a1d" />
    <TestEntry testId="24013c7e-979c-08e4-9cb8-c3b861d94655" executionId="bd937fa5-5709-49d6-af2b-898078aa5119" testListId="8c84fa94-04c1-424b-9868-57a2d4851a1d" />
    <TestEntry testId="794ce17b-ba8c-ab7d-5fb9-401bad973950" executionId="263ce954-fc62-4737-a061-cc958058a483" testListId="8c84fa94-04c1-424b-9868-57a2d4851a1d" />
    <TestEntry testId="ecbc3c83-a864-026a-57fc-8ef120975fa0" executionId="72f9eace-c371-4fe0-82ad-d646675b3a21" testListId="8c84fa94-04c1-424b-9868-57a2d4851a1d" />
    <TestEntry testId="a3d4b2d4-68d8-743e-8f21-b9ca19f8b1b2" executionId="13fdf76a-97c1-44b5-bdd8-fb38ffdaff1e" testListId="8c84fa94-04c1-424b-9868-57a2d4851a1d" />
    <TestEntry testId="69e3b573-07a4-c60c-20b5-b5ee3ecbe577" executionId="1e02a819-3fc6-4c6d-b2ab-081b730f2961" testListId="8c84fa94-04c1-424b-9868-57a2d4851a1d" />
    <TestEntry testId="c0565992-6d34-3a4a-b8ad-8f6f597c45bc" executionId="92959633-d71c-4c68-ba4a-d1a0e176bb67" testListId="8c84fa94-04c1-424b-9868-57a2d4851a1d" />
    <TestEntry testId="49d10efe-881d-c66e-07a2-36ab46a91ea3" executionId="b4c29828-3198-4bbf-8841-d5b84c9fe487" testListId="8c84fa94-04c1-424b-9868-57a2d4851a1d" />
  </TestEntries>
  <TestLists>
    <TestList name="Results Not in a List" id="8c84fa94-04c1-424b-9868-57a2d4851a1d" />
    <TestList name="All Loaded Results" id="19431567-8539-422a-85d7-44ee4e166bda" />
  </TestLists>
  <ResultSummary outcome="Failed">
    <Counters total="8" executed="8" passed="3" failed="5" error="0" timeout="0" aborted="0" inconclusive="0" passedButRunAborted="0" notRunnable="0" notExecuted="0" disconnected="0" warning="0" completed="0" inProgress="0" pending="0" />
    <Output>
      <StdOut>[xUnit.net 00:00:00.00] xUnit.net VSTest Adapter v3.1.5+1b188a7b0a (64-bit .NET 10.0.5)&#xD;
[xUnit.net 00:00:00.25]   Discovering: GreenAi.E2E&#xD;
[xUnit.net 00:00:00.55]   Discovered:  GreenAi.E2E&#xD;
[xUnit.net 00:00:00.78]   Starting:    GreenAi.E2E&#xD;
[xUnit.net 00:00:11.60]       System.Exception : Visual test failed on 4/4 device(s):
[Desktop 1920×1080] Content top (0px) is above TopBar bottom (48px) on Desktop — main content is being clipped by the app bar.
[Laptop 1366×768] Content top (0px) is above TopBar bottom (48px) on Laptop — main content is being clipped by the app bar.
[Tablet 1024×768] Content top (0px) is above TopBar bottom (48px) on Tablet — main content is being clipped by the app bar.
[Mobile 390×844] Content top (0px) is above TopBar bottom (48px) on Mobile — main content is being clipped by the app bar.&#xD;
[xUnit.net 00:00:11.60]       Stack Trace:&#xD;
[xUnit.net 00:00:11.60]         C:\Udvikling\green-ai\tests\GreenAi.E2E\Visual\VisualTestBase.cs(107,0): at GreenAi.E2E.Visual.VisualTestBase.ForEachDeviceAsync(Func`3 testAction, String callerName)&#xD;
[xUnit.net 00:00:11.60]         --- End of stack trace from previous location ---&#xD;
[xUnit.net 00:00:53.71]       System.Exception : Visual test failed on 1/4 device(s):
[Mobile 390×844] Timeout 30000ms exceeded.&#xD;
[xUnit.net 00:00:53.71]       Stack Trace:&#xD;
[xUnit.net 00:00:53.71]         C:\Udvikling\green-ai\tests\GreenAi.E2E\Visual\VisualTestBase.cs(107,0): at GreenAi.E2E.Visual.VisualTestBase.ForEachDeviceAsync(Func`3 testAction, String callerName)&#xD;
[xUnit.net 00:00:53.71]         --- End of stack trace from previous location ---&#xD;
[xUnit.net 00:01:15.16]       System.Exception : Visual test failed on 4/4 device(s):
[Desktop 1920×1080] Content top (0px) is above TopBar bottom (48px) on Desktop — main content is being clipped by the app bar.
[Laptop 1366×768] Content top (0px) is above TopBar bottom (48px) on Laptop — main content is being clipped by the app bar.
[Tablet 1024×768] Content top (0px) is above TopBar bottom (48px) on Tablet — main content is being clipped by the app bar.
[Mobile 390×844] Content top (0px) is above TopBar bottom (48px) on Mobile — main content is being clipped by the app bar.&#xD;
[xUnit.net 00:01:15.16]       Stack Trace:&#xD;
[xUnit.net 00:01:15.16]         C:\Udvikling\green-ai\tests\GreenAi.E2E\Visual\VisualTestBase.cs(107,0): at GreenAi.E2E.Visual.VisualTestBase.ForEachDeviceAsync(Func`3 testAction, String callerName)&#xD;
[xUnit.net 00:01:15.16]         --- End of stack trace from previous location ---&#xD;
[xUnit.net 00:01:55.02]       System.Exception : Visual test failed on 4/4 device(s):
[Desktop 1920×1080] Timeout 5000ms exceeded.
[Laptop 1366×768] Timeout 5000ms exceeded.
[Tablet 1024×768] Timeout 5000ms exceeded.
[Mobile 390×844] Timeout 5000ms exceeded.&#xD;
[xUnit.net 00:01:55.02]       Stack Trace:&#xD;
[xUnit.net 00:01:55.02]         C:\Udvikling\green-ai\tests\GreenAi.E2E\Visual\VisualTestBase.cs(107,0): at GreenAi.E2E.Visual.VisualTestBase.ForEachDeviceAsync(Func`3 testAction, String callerName)&#xD;
[xUnit.net 00:01:55.02]         --- End of stack trace from previous location ---&#xD;
[xUnit.net 00:01:58.48]       System.Exception : Content top (0px) is above TopBar bottom (48px) on Desktop — main content is being clipped by the app bar.&#xD;
[xUnit.net 00:01:58.48]       Stack Trace:&#xD;
[xUnit.net 00:01:58.48]         C:\Udvikling\green-ai\tests\GreenAi.E2E\Visual\VisualTestBase.cs(259,0): at GreenAi.E2E.Visual.VisualTestBase.AssertTopBarNotClippingContentAsync(IPage page, DeviceProfile device)&#xD;
[xUnit.net 00:01:58.48]         C:\Udvikling\green-ai\tests\GreenAi.E2E\Visual\NavigationVisualTests.cs(180,0): at GreenAi.E2E.Visual.NavigationVisualTests.Resize_Desktop_To_Mobile()&#xD;
[xUnit.net 00:01:58.49]         C:\Udvikling\green-ai\tests\GreenAi.E2E\Visual\NavigationVisualTests.cs(198,0): at GreenAi.E2E.Visual.NavigationVisualTests.Resize_Desktop_To_Mobile()&#xD;
[xUnit.net 00:01:58.49]         --- End of stack trace from previous location ---&#xD;
[xUnit.net 00:01:58.50]   Finished:    GreenAi.E2E (ID = 'b22c8369b1bbe770defd711cb8a9268ada6d4b894a82e516ae76dd9d44f93e08')&#xD;
</StdOut>
    </Output>
    <RunInfos>
      <RunInfo computerName="LAPTOP-2Q5GS5I8" outcome="Error" timestamp="2026-04-05T00:59:17.4038574+02:00">
        <Text>[xUnit.net 00:00:11.60]     GreenAi.E2E.Visual.NavigationVisualTests.Dashboard_AllDevices [FAIL]</Text>
      </RunInfo>
      <RunInfo computerName="LAPTOP-2Q5GS5I8" outcome="Error" timestamp="2026-04-05T00:59:59.5184408+02:00">
        <Text>[xUnit.net 00:00:53.71]     GreenAi.E2E.Visual.NavigationVisualTests.OverlayNav_Open_AllDevices [FAIL]</Text>
      </RunInfo>
      <RunInfo computerName="LAPTOP-2Q5GS5I8" outcome="Error" timestamp="2026-04-05T01:00:20.9707625+02:00">
        <Text>[xUnit.net 00:01:15.16]     GreenAi.E2E.Visual.NavigationVisualTests.UserProfile_AllDevices [FAIL]</Text>
      </RunInfo>
      <RunInfo computerName="LAPTOP-2Q5GS5I8" outcome="Error" timestamp="2026-04-05T01:01:00.8276550+02:00">
        <Text>[xUnit.net 00:01:55.02]     GreenAi.E2E.Visual.NavigationVisualTests.OverlayNav_ESCCloses_AllDevices [FAIL]</Text>
      </RunInfo>
      <RunInfo computerName="LAPTOP-2Q5GS5I8" outcome="Error" timestamp="2026-04-05T01:01:04.2920022+02:00">
        <Text>[xUnit.net 00:01:58.48]     GreenAi.E2E.Visual.NavigationVisualTests.Resize_Desktop_To_Mobile [FAIL]</Text>
      </RunInfo>
    </RunInfos>
  </ResultSummary>
</TestRun>