<?xml version="1.0" encoding="utf-8"?>
<TestRun id="0be771a5-8317-4aff-bf54-cbcbe58a0d24" name="claus.elmann@LAPTOP-2Q5GS5I8 2026-04-05 18:12:08" runUser="F24\claus.elmann" xmlns="http://microsoft.com/schemas/VisualStudio/TeamTest/2010">
  <Times creation="2026-04-05T18:12:08.9682433+02:00" queuing="2026-04-05T18:12:08.9682438+02:00" start="2026-04-05T18:11:57.7871616+02:00" finish="2026-04-05T18:15:51.1933246+02:00" />
  <TestSettings name="default" id="aec77d3f-0314-45bb-bf47-3a1b11e294b6">
    <Deployment runDeploymentRoot="claus.elmann_LAPTOP-2Q5GS5I8_2026-04-05_18_12_08" />
  </TestSettings>
  <Results>
    <UnitTestResult executionId="bb2d9d0a-984f-4298-ab29-365edd509f77" testId="c7ab239f-b07a-4f94-a384-baa074b37d98" testName="GreenAi.E2E.LabelCoverageE2ETests.SuperAdmin_NoMissingLabels" computerName="LAPTOP-2Q5GS5I8" duration="00:00:03.3330281" startTime="2026-04-05T18:14:13.2027027+02:00" endTime="2026-04-05T18:14:16.5357985+02:00" testType="13cdc9d9-ddb5-4fa4-a97d-d965ccfc6d4b" outcome="Passed" testListId="8c84fa94-04c1-424b-9868-57a2d4851a1d" relativeResultsDirectory="bb2d9d0a-984f-4298-ab29-365edd509f77" />
    <UnitTestResult executionId="6a49288a-e128-442e-8b8d-df7b4ae794d5" testId="c451d1bb-122e-0d08-c606-cf27abf33f7c" testName="GreenAi.E2E.CustomerAdminE2ETests.CustomerAdmin_UnauthenticatedAccess_RedirectsToLogin" computerName="LAPTOP-2Q5GS5I8" duration="00:00:01.6743062" startTime="2026-04-05T18:15:30.2665503+02:00" endTime="2026-04-05T18:15:31.9409230+02:00" testType="13cdc9d9-ddb5-4fa4-a97d-d965ccfc6d4b" outcome="Passed" testListId="8c84fa94-04c1-424b-9868-57a2d4851a1d" relativeResultsDirectory="6a49288a-e128-442e-8b8d-df7b4ae794d5" />
    <UnitTestResult executionId="d88d7e0d-bd6a-43eb-b612-f0c701ced24f" testId="211a7750-3056-af95-4b2d-6c37ac077778" testName="GreenAi.E2E.LabelCoverageE2ETests.Dashboard_RedirectsToBroadcasting" computerName="LAPTOP-2Q5GS5I8" duration="00:00:03.3428086" startTime="2026-04-05T18:14:38.1045438+02:00" endTime="2026-04-05T18:14:41.4474117+02:00" testType="13cdc9d9-ddb5-4fa4-a97d-d965ccfc6d4b" outcome="Passed" testListId="8c84fa94-04c1-424b-9868-57a2d4851a1d" relativeResultsDirectory="d88d7e0d-bd6a-43eb-b612-f0c701ced24f" />
    <UnitTestResult executionId="90f7fca2-679d-4585-9f21-07345208a9c3" testId="c0565992-6d34-3a4a-b8ad-8f6f597c45bc" testName="GreenAi.E2E.Visual.NavigationVisualTests.CommandPalette_Open_AllDevices" computerName="LAPTOP-2Q5GS5I8" duration="00:00:10.2669092" startTime="2026-04-05T18:12:30.5526058+02:00" endTime="2026-04-05T18:12:40.8196321+02:00" testType="13cdc9d9-ddb5-4fa4-a97d-d965ccfc6d4b" outcome="Passed" testListId="8c84fa94-04c1-424b-9868-57a2d4851a1d" relativeResultsDirectory="90f7fca2-679d-4585-9f21-07345208a9c3" />
    <UnitTestResult executionId="9b65185a-aac6-4fcb-b260-0673b2d680d4" testId="17cafc69-f9be-418f-1b43-5f32a7971675" testName="GreenAi.E2E.LoginFlowE2ETests.Login_SingleCustomerMultipleProfiles_SelectProfile_NavigatesToBroadcasting" computerName="LAPTOP-2Q5GS5I8" duration="00:00:02.8683782" startTime="2026-04-05T18:13:46.9718267+02:00" endTime="2026-04-05T18:13:49.8402914+02:00" testType="13cdc9d9-ddb5-4fa4-a97d-d965ccfc6d4b" outcome="Passed" testListId="8c84fa94-04c1-424b-9868-57a2d4851a1d" relativeResultsDirectory="9b65185a-aac6-4fcb-b260-0673b2d680d4" />
    <UnitTestResult executionId="07cb7050-e936-43b7-b91a-4b115c4af537" testId="24013c7e-979c-08e4-9cb8-c3b861d94655" testName="GreenAi.E2E.Visual.NavigationVisualTests.Resize_Desktop_To_Mobile" computerName="LAPTOP-2Q5GS5I8" duration="00:00:04.6452909" startTime="2026-04-05T18:13:34.3283378+02:00" endTime="2026-04-05T18:13:38.9737909+02:00" testType="13cdc9d9-ddb5-4fa4-a97d-d965ccfc6d4b" outcome="Passed" testListId="8c84fa94-04c1-424b-9868-57a2d4851a1d" relativeResultsDirectory="07cb7050-e936-43b7-b91a-4b115c4af537" />
    <UnitTestResult executionId="ec3f5582-cb5b-4594-8161-b3ef5923b2c4" testId="fef5af75-593f-4da4-fc26-afb5afa64846" testName="GreenAi.E2E.Visual.NavigationVisualTests.UserProfile_AllDevices" computerName="LAPTOP-2Q5GS5I8" duration="00:00:11.4114889" startTime="2026-04-05T18:12:49.7815066+02:00" endTime="2026-04-05T18:13:01.1931432+02:00" testType="13cdc9d9-ddb5-4fa4-a97d-d965ccfc6d4b" outcome="Passed" testListId="8c84fa94-04c1-424b-9868-57a2d4851a1d" relativeResultsDirectory="ec3f5582-cb5b-4594-8161-b3ef5923b2c4" />
    <UnitTestResult executionId="28bbb87e-5049-446e-83fc-d601030cb36f" testId="d185c56f-05f8-ea55-f119-8e96d680bae6" testName="GreenAi.E2E.CustomerAdminE2ETests.Login_WithValidCredentials_RedirectsToHome" computerName="LAPTOP-2Q5GS5I8" duration="00:00:02.6915621" startTime="2026-04-05T18:15:48.3853849+02:00" endTime="2026-04-05T18:15:51.0770137+02:00" testType="13cdc9d9-ddb5-4fa4-a97d-d965ccfc6d4b" outcome="Passed" testListId="8c84fa94-04c1-424b-9868-57a2d4851a1d" relativeResultsDirectory="28bbb87e-5049-446e-83fc-d601030cb36f" />
    <UnitTestResult executionId="22ae855c-8bd1-4097-82a4-3751d8981972" testId="6ef24e1e-b7bc-9663-bee8-23a7da386fd1" testName="GreenAi.E2E.DetailPageE2ETests.UserDetail_ActiveStatusChip_IsVisible" computerName="LAPTOP-2Q5GS5I8" duration="00:00:03.5316713" startTime="2026-04-05T18:15:17.0065807+02:00" endTime="2026-04-05T18:15:20.5383250+02:00" testType="13cdc9d9-ddb5-4fa4-a97d-d965ccfc6d4b" outcome="Passed" testListId="8c84fa94-04c1-424b-9868-57a2d4851a1d" relativeResultsDirectory="22ae855c-8bd1-4097-82a4-3751d8981972" />
    <UnitTestResult executionId="3811bdd9-6d64-4737-9868-0f427e18e331" testId="351495f3-09f6-f48f-f99f-3f5a835dc9be" testName="GreenAi.E2E.CustomerAdminE2ETests.Login_WithWrongPassword_ShowsError" computerName="LAPTOP-2Q5GS5I8" duration="00:00:02.8866165" startTime="2026-04-05T18:15:27.3793265+02:00" endTime="2026-04-05T18:15:30.2660006+02:00" testType="13cdc9d9-ddb5-4fa4-a97d-d965ccfc6d4b" outcome="Passed" testListId="8c84fa94-04c1-424b-9868-57a2d4851a1d" relativeResultsDirectory="3811bdd9-6d64-4737-9868-0f427e18e331" />
    <UnitTestResult executionId="5a323599-6563-4caf-9ee7-44a34cc47537" testId="96413178-20ad-3567-b3cf-bdf5a1a7df69" testName="GreenAi.E2E.LoginFlowE2ETests.Login_MultipleCustomers_ShowsSelectCustomerPage" computerName="LAPTOP-2Q5GS5I8" duration="00:00:02.5866240" startTime="2026-04-05T18:13:44.3839748+02:00" endTime="2026-04-05T18:13:46.9706919+02:00" testType="13cdc9d9-ddb5-4fa4-a97d-d965ccfc6d4b" outcome="Passed" testListId="8c84fa94-04c1-424b-9868-57a2d4851a1d" relativeResultsDirectory="5a323599-6563-4caf-9ee7-44a34cc47537" />
    <UnitTestResult executionId="1f5fad1a-50e4-495b-8177-d00baa2e2dd0" testId="f3951272-e2dc-f90e-d27c-b6b1ed03d55c" testName="GreenAi.E2E.LabelCoverageE2ETests.Broadcasting_NoMissingLabels" computerName="LAPTOP-2Q5GS5I8" duration="00:00:03.9002719" startTime="2026-04-05T18:13:59.1960735+02:00" endTime="2026-04-05T18:14:03.0964223+02:00" testType="13cdc9d9-ddb5-4fa4-a97d-d965ccfc6d4b" outcome="Passed" testListId="8c84fa94-04c1-424b-9868-57a2d4851a1d" relativeResultsDirectory="1f5fad1a-50e4-495b-8177-d00baa2e2dd0" />
    <UnitTestResult executionId="b843d1ae-b3fd-4fbd-bb45-e98ab4a21396" testId="ecbc3c83-a864-026a-57fc-8ef120975fa0" testName="GreenAi.E2E.Visual.NavigationVisualTests.CommandPalette_TypeFilters_AndNavigates_AllDevices" computerName="LAPTOP-2Q5GS5I8" duration="00:00:10.5536396" startTime="2026-04-05T18:13:01.1937846+02:00" endTime="2026-04-05T18:13:11.7475239+02:00" testType="13cdc9d9-ddb5-4fa4-a97d-d965ccfc6d4b" outcome="Passed" testListId="8c84fa94-04c1-424b-9868-57a2d4851a1d" relativeResultsDirectory="b843d1ae-b3fd-4fbd-bb45-e98ab4a21396" />
    <UnitTestResult executionId="0b29a612-00c1-4008-9242-8efecbd5898e" testId="28c743a2-ed50-21c2-6e55-5516582e7db7" testName="GreenAi.E2E.DetailPageE2ETests.ProfileDetail_NoMissingLabels" computerName="LAPTOP-2Q5GS5I8" duration="00:00:03.7733346" startTime="2026-04-05T18:15:13.2321071+02:00" endTime="2026-04-05T18:15:17.0055098+02:00" testType="13cdc9d9-ddb5-4fa4-a97d-d965ccfc6d4b" outcome="Passed" testListId="8c84fa94-04c1-424b-9868-57a2d4851a1d" relativeResultsDirectory="0b29a612-00c1-4008-9242-8efecbd5898e" />
    <UnitTestResult executionId="103b2bac-715f-4c7d-9b40-f7f095f7dcac" testId="2bcbdf26-1e64-d41a-6ccc-bc2ad133021d" testName="GreenAi.E2E.LabelCoverageE2ETests.Drafts_NoMissingLabels" computerName="LAPTOP-2Q5GS5I8" duration="00:00:03.3519089" startTime="2026-04-05T18:13:52.4336469+02:00" endTime="2026-04-05T18:13:55.7856264+02:00" testType="13cdc9d9-ddb5-4fa4-a97d-d965ccfc6d4b" outcome="Passed" testListId="8c84fa94-04c1-424b-9868-57a2d4851a1d" relativeResultsDirectory="103b2bac-715f-4c7d-9b40-f7f095f7dcac" />
    <UnitTestResult executionId="fa570a84-40e0-4c77-ae55-2b1dd56c70a1" testId="eed0a7dd-ec50-5488-8971-769c9adcd555" testName="GreenAi.E2E.LabelCoverageE2ETests.SendWizard_NoMissingLabels" computerName="LAPTOP-2Q5GS5I8" duration="00:00:03.3746424" startTime="2026-04-05T18:14:09.8274083+02:00" endTime="2026-04-05T18:14:13.2021194+02:00" testType="13cdc9d9-ddb5-4fa4-a97d-d965ccfc6d4b" outcome="Passed" testListId="8c84fa94-04c1-424b-9868-57a2d4851a1d" relativeResultsDirectory="fa570a84-40e0-4c77-ae55-2b1dd56c70a1" />
    <UnitTestResult executionId="226d5f52-468d-481e-9fc6-729be6d280c2" testId="c2477602-a002-2a10-b8fe-d98b639cb2e5" testName="GreenAi.E2E.LoginFlowE2ETests.Login_SingleCustomerMultipleProfiles_ShowsSelectProfilePage" computerName="LAPTOP-2Q5GS5I8" duration="00:00:02.6234543" startTime="2026-04-05T18:13:38.9807803+02:00" endTime="2026-04-05T18:13:41.6043158+02:00" testType="13cdc9d9-ddb5-4fa4-a97d-d965ccfc6d4b" outcome="Passed" testListId="8c84fa94-04c1-424b-9868-57a2d4851a1d" relativeResultsDirectory="226d5f52-468d-481e-9fc6-729be6d280c2" />
    <UnitTestResult executionId="776195d1-f53a-4354-ad84-971ce9d9113f" testId="901cfdbc-ffaa-a154-7559-0ada183f3a9d" testName="GreenAi.E2E.Visual.NavigationVisualTests.WizardLayout_IsAccessible_AllDevices" computerName="LAPTOP-2Q5GS5I8" duration="00:00:11.0655725" startTime="2026-04-05T18:12:19.4852272+02:00" endTime="2026-04-05T18:12:30.5509098+02:00" testType="13cdc9d9-ddb5-4fa4-a97d-d965ccfc6d4b" outcome="Passed" testListId="8c84fa94-04c1-424b-9868-57a2d4851a1d" relativeResultsDirectory="776195d1-f53a-4354-ad84-971ce9d9113f" />
    <UnitTestResult executionId="9b3d0673-c478-4aaa-953f-5ba0db8aac2f" testId="8414f684-09c2-ad79-b35b-8d18b03ee549" testName="GreenAi.E2E.DetailPageE2ETests.UserDetail_NavigateFromTable_LoadsBreadcrumbs" computerName="LAPTOP-2Q5GS5I8" duration="00:00:03.4787464" startTime="2026-04-05T18:15:02.8543208+02:00" endTime="2026-04-05T18:15:06.3331391+02:00" testType="13cdc9d9-ddb5-4fa4-a97d-d965ccfc6d4b" outcome="Passed" testListId="8c84fa94-04c1-424b-9868-57a2d4851a1d" relativeResultsDirectory="9b3d0673-c478-4aaa-953f-5ba0db8aac2f" />
    <UnitTestResult executionId="02ba6b69-69a6-4f03-8a04-57816dd52d2c" testId="52d31b75-c007-42f6-e556-3ae1101d7eb2" testName="GreenAi.E2E.CustomerAdminE2ETests.CustomerAdmin_AfterLogin_ShowsHeading" computerName="LAPTOP-2Q5GS5I8" duration="00:00:03.2910715" startTime="2026-04-05T18:15:38.3956423+02:00" endTime="2026-04-05T18:15:41.6867826+02:00" testType="13cdc9d9-ddb5-4fa4-a97d-d965ccfc6d4b" outcome="Passed" testListId="8c84fa94-04c1-424b-9868-57a2d4851a1d" relativeResultsDirectory="02ba6b69-69a6-4f03-8a04-57816dd52d2c" />
    <UnitTestResult executionId="9f1d4a2c-c397-4920-b326-bf3823a99140" testId="c3c1f6f6-7342-6d4b-6c96-97baf002d2e9" testName="GreenAi.E2E.LabelCoverageE2ETests.AdminUsers_NoMissingLabels" computerName="LAPTOP-2Q5GS5I8" duration="00:00:03.3774958" startTime="2026-04-05T18:14:06.4489338+02:00" endTime="2026-04-05T18:14:09.8265288+02:00" testType="13cdc9d9-ddb5-4fa4-a97d-d965ccfc6d4b" outcome="Passed" testListId="8c84fa94-04c1-424b-9868-57a2d4851a1d" relativeResultsDirectory="9f1d4a2c-c397-4920-b326-bf3823a99140" />
    <UnitTestResult executionId="f007dda3-06dd-4aff-b511-9762de7b45ad" testId="ec1af9c9-b214-e604-7895-76f112d24f37" testName="GreenAi.E2E.DetailPageE2ETests.ProfileDetail_ProfileNameField_IsPresentAndEditable" computerName="LAPTOP-2Q5GS5I8" duration="00:00:03.5176874" startTime="2026-04-05T18:15:20.5391782+02:00" endTime="2026-04-05T18:15:24.0569285+02:00" testType="13cdc9d9-ddb5-4fa4-a97d-d965ccfc6d4b" outcome="Passed" testListId="8c84fa94-04c1-424b-9868-57a2d4851a1d" relativeResultsDirectory="f007dda3-06dd-4aff-b511-9762de7b45ad" />
    <UnitTestResult executionId="213a809b-5064-4055-b455-bd90bcce4486" testId="e5df468f-097d-4e93-2215-fb6b4187bbf4" testName="GreenAi.E2E.LabelCoverageE2ETests.UserProfile_NoMissingLabels" computerName="LAPTOP-2Q5GS5I8" duration="00:00:03.3938999" startTime="2026-04-05T18:13:55.8006280+02:00" endTime="2026-04-05T18:13:59.1946046+02:00" testType="13cdc9d9-ddb5-4fa4-a97d-d965ccfc6d4b" outcome="Passed" testListId="8c84fa94-04c1-424b-9868-57a2d4851a1d" relativeResultsDirectory="213a809b-5064-4055-b455-bd90bcce4486" />
    <UnitTestResult executionId="922237ac-522f-4697-b39d-2659b8d38009" testId="1514c7e3-cdd5-81ac-92e5-2e342423b454" testName="GreenAi.E2E.LoginFlowE2ETests.Login_MultipleCustomers_SelectCustomer_NavigatesToBroadcasting" computerName="LAPTOP-2Q5GS5I8" duration="00:00:02.7776925" startTime="2026-04-05T18:13:41.6050389+02:00" endTime="2026-04-05T18:13:44.3828278+02:00" testType="13cdc9d9-ddb5-4fa4-a97d-d965ccfc6d4b" outcome="Passed" testListId="8c84fa94-04c1-424b-9868-57a2d4851a1d" relativeResultsDirectory="922237ac-522f-4697-b39d-2659b8d38009" />
    <UnitTestResult executionId="eac06acf-a5be-49d6-b4e4-df1d9a1639f1" testId="794ce17b-ba8c-ab7d-5fb9-401bad973950" testName="GreenAi.E2E.Visual.NavigationVisualTests.OverlayNav_ESCCloses_AllDevices" computerName="LAPTOP-2Q5GS5I8" duration="00:00:08.8404439" startTime="2026-04-05T18:13:25.4865594+02:00" endTime="2026-04-05T18:13:34.3271058+02:00" testType="13cdc9d9-ddb5-4fa4-a97d-d965ccfc6d4b" outcome="Passed" testListId="8c84fa94-04c1-424b-9868-57a2d4851a1d" relativeResultsDirectory="eac06acf-a5be-49d6-b4e4-df1d9a1639f1" />
    <UnitTestResult executionId="5584947d-9da7-4c40-9e70-a912599762a6" testId="7c3d8fb4-a440-8d7b-6a19-d8d74ff3a163" testName="GreenAi.E2E.CustomerAdminE2ETests.CustomerAdmin_UsersTab_ShowsSeedUsers" computerName="LAPTOP-2Q5GS5I8" duration="00:00:03.2687953" startTime="2026-04-05T18:15:31.9417426+02:00" endTime="2026-04-05T18:15:35.2106146+02:00" testType="13cdc9d9-ddb5-4fa4-a97d-d965ccfc6d4b" outcome="Passed" testListId="8c84fa94-04c1-424b-9868-57a2d4851a1d" relativeResultsDirectory="5584947d-9da7-4c40-9e70-a912599762a6" />
    <UnitTestResult executionId="bec6ec2e-4e3f-42df-8b06-5420ddac596b" testId="6f21fb76-c1c9-fe83-8cea-7b8af6e1da1a" testName="GreenAi.E2E.CustomerAdminE2ETests.CustomerAdmin_UsersTab_NoMissingLabels" computerName="LAPTOP-2Q5GS5I8" duration="00:00:03.2612022" startTime="2026-04-05T18:15:45.1229195+02:00" endTime="2026-04-05T18:15:48.3841773+02:00" testType="13cdc9d9-ddb5-4fa4-a97d-d965ccfc6d4b" outcome="Passed" testListId="8c84fa94-04c1-424b-9868-57a2d4851a1d" relativeResultsDirectory="bec6ec2e-4e3f-42df-8b06-5420ddac596b" />
    <UnitTestResult executionId="15c69750-0e77-4d42-ae39-88285201f4bb" testId="681e72a1-64f9-086a-a8bc-60707ce83b03" testName="GreenAi.E2E.Visual.NavigationVisualTests.OverlayNav_BackdropClick_Closes_NonMobile" computerName="LAPTOP-2Q5GS5I8" duration="00:00:07.2442831" startTime="2026-04-05T18:13:18.2414638+02:00" endTime="2026-04-05T18:13:25.4859882+02:00" testType="13cdc9d9-ddb5-4fa4-a97d-d965ccfc6d4b" outcome="Passed" testListId="8c84fa94-04c1-424b-9868-57a2d4851a1d" relativeResultsDirectory="15c69750-0e77-4d42-ae39-88285201f4bb" />
    <UnitTestResult executionId="dee9d288-842e-42ab-9906-1bb481aa599a" testId="4ee67fd7-6259-1087-5ba8-4702a82477af" testName="GreenAi.E2E.LabelCoverageE2ETests.Status_NoMissingLabels" computerName="LAPTOP-2Q5GS5I8" duration="00:00:03.3712226" startTime="2026-04-05T18:14:16.5370936+02:00" endTime="2026-04-05T18:14:19.9083837+02:00" testType="13cdc9d9-ddb5-4fa4-a97d-d965ccfc6d4b" outcome="Passed" testListId="8c84fa94-04c1-424b-9868-57a2d4851a1d" relativeResultsDirectory="dee9d288-842e-42ab-9906-1bb481aa599a" />
    <UnitTestResult executionId="f67efff1-bef4-4428-8c8b-132b5ae19fe6" testId="69e3b573-07a4-c60c-20b5-b5ee3ecbe577" testName="GreenAi.E2E.Visual.NavigationVisualTests.OverlayNav_Open_AllDevices" computerName="LAPTOP-2Q5GS5I8" duration="00:00:10.5500880" startTime="2026-04-05T18:12:08.9341201+02:00" endTime="2026-04-05T18:12:19.4846252+02:00" testType="13cdc9d9-ddb5-4fa4-a97d-d965ccfc6d4b" outcome="Passed" testListId="8c84fa94-04c1-424b-9868-57a2d4851a1d" relativeResultsDirectory="f67efff1-bef4-4428-8c8b-132b5ae19fe6" />
    <UnitTestResult executionId="70600259-5a48-42fb-8dcb-4a0731986590" testId="4e45b4d7-79cb-6286-febd-551e60c646f9" testName="GreenAi.E2E.LabelCoverageE2ETests.AdminSettings_NoMissingLabels" computerName="LAPTOP-2Q5GS5I8" duration="00:00:03.2890309" startTime="2026-04-05T18:14:41.4478947+02:00" endTime="2026-04-05T18:14:44.7369897+02:00" testType="13cdc9d9-ddb5-4fa4-a97d-d965ccfc6d4b" outcome="Passed" testListId="8c84fa94-04c1-424b-9868-57a2d4851a1d" relativeResultsDirectory="70600259-5a48-42fb-8dcb-4a0731986590" />
    <UnitTestResult executionId="b0e3346b-593f-48f6-8f35-897f33a7b8c8" testId="c362e506-522f-27ea-1c8e-3e3a2223bd99" testName="GreenAi.E2E.DetailPageE2ETests.ProfileDetail_NavigateFromTable_LoadsProfileInfoForm" computerName="LAPTOP-2Q5GS5I8" duration="00:00:03.4860154" startTime="2026-04-05T18:15:09.7448929+02:00" endTime="2026-04-05T18:15:13.2310128+02:00" testType="13cdc9d9-ddb5-4fa4-a97d-d965ccfc6d4b" outcome="Passed" testListId="8c84fa94-04c1-424b-9868-57a2d4851a1d" relativeResultsDirectory="b0e3346b-593f-48f6-8f35-897f33a7b8c8" />
    <UnitTestResult executionId="395a4b33-35ba-43d1-b928-35fb1500f656" testId="6199eddb-75c8-d2ac-d687-af1e81ecfa20" testName="GreenAi.E2E.LabelCoverageE2ETests.SelectProfile_NoMissingLabels" computerName="LAPTOP-2Q5GS5I8" duration="00:00:18.1142279" startTime="2026-04-05T18:14:44.7375819+02:00" endTime="2026-04-05T18:15:02.8525060+02:00" testType="13cdc9d9-ddb5-4fa4-a97d-d965ccfc6d4b" outcome="Failed" testListId="8c84fa94-04c1-424b-9868-57a2d4851a1d" relativeResultsDirectory="395a4b33-35ba-43d1-b928-35fb1500f656">
      <Output>
        <ErrorInfo>
          <Message>System.Exception : E2E FAILURE: Timeout waiting for '[data-testid='profile-list']'

URL:     http://localhost:5057/select-profile
Screenshot: C:\Udvikling\green-ai\tests\GreenAi.E2E\bin\Debug\net10.0\..\..\..\TestResults\Screenshots\LabelCoverageE2ETests_20260405_161502.png

Browser console errors:
  (none)

Recent DB logs (Logs table):
  (no rows in Logs table)</Message>
          <StackTrace>   at GreenAi.E2E.E2ETestBase.FailAsync(String reason) in C:\Udvikling\green-ai\tests\GreenAi.E2E\E2ETestBase.cs:line 101&#xD;
   at GreenAi.E2E.E2ETestBase.WaitOrFailAsync(String selector, Int32 timeoutMs, String hint) in C:\Udvikling\green-ai\tests\GreenAi.E2E\E2ETestBase.cs:line 79&#xD;
   at GreenAi.E2E.LabelCoverageE2ETests.SelectProfile_NoMissingLabels() in C:\Udvikling\green-ai\tests\GreenAi.E2E\LabelCoverageE2ETests.cs:line 139&#xD;
--- End of stack trace from previous location ---</StackTrace>
        </ErrorInfo>
      </Output>
    </UnitTestResult>
    <UnitTestResult executionId="08ab5154-2f6c-4618-9a88-26a24ce8f738" testId="bd93d7f1-b86f-5210-2589-b66ec3e8eb32" testName="GreenAi.E2E.CustomerAdminE2ETests.CustomerAdmin_ProfilesTab_NoMissingLabels" computerName="LAPTOP-2Q5GS5I8" duration="00:00:03.4343059" startTime="2026-04-05T18:15:41.6880836+02:00" endTime="2026-04-05T18:15:45.1224420+02:00" testType="13cdc9d9-ddb5-4fa4-a97d-d965ccfc6d4b" outcome="Passed" testListId="8c84fa94-04c1-424b-9868-57a2d4851a1d" relativeResultsDirectory="08ab5154-2f6c-4618-9a88-26a24ce8f738" />
    <UnitTestResult executionId="9e224d74-74da-4247-8a28-3b4939b2970b" testId="a3d4b2d4-68d8-743e-8f21-b9ca19f8b1b2" testName="GreenAi.E2E.Visual.NavigationVisualTests.Dashboard_AllDevices" computerName="LAPTOP-2Q5GS5I8" duration="00:00:09.5589539" startTime="2026-04-05T18:11:59.3429142+02:00" endTime="2026-04-05T18:12:08.9233724+02:00" testType="13cdc9d9-ddb5-4fa4-a97d-d965ccfc6d4b" outcome="Passed" testListId="8c84fa94-04c1-424b-9868-57a2d4851a1d" relativeResultsDirectory="9e224d74-74da-4247-8a28-3b4939b2970b" />
    <UnitTestResult executionId="9885ffde-9453-41ca-a2c3-c096f7d27376" testId="2bcc4490-32d9-3d90-8f0e-6079ba9e345a" testName="GreenAi.E2E.Visual.NavigationVisualTests.TopBar_ShowsUserEmail_WhenAuthenticated" computerName="LAPTOP-2Q5GS5I8" duration="00:00:06.4916527" startTime="2026-04-05T18:13:11.7486257+02:00" endTime="2026-04-05T18:13:18.2404228+02:00" testType="13cdc9d9-ddb5-4fa4-a97d-d965ccfc6d4b" outcome="Passed" testListId="8c84fa94-04c1-424b-9868-57a2d4851a1d" relativeResultsDirectory="9885ffde-9453-41ca-a2c3-c096f7d27376" />
    <UnitTestResult executionId="f918b24e-e0e1-4e13-b3a2-9a90c34ec89b" testId="5b779511-9be5-cf31-092f-55c5c416231f" testName="GreenAi.E2E.LabelCoverageE2ETests.StatusDetail_NoMissingLabels" computerName="LAPTOP-2Q5GS5I8" duration="00:00:03.3504041" startTime="2026-04-05T18:14:03.0973946+02:00" endTime="2026-04-05T18:14:06.4478806+02:00" testType="13cdc9d9-ddb5-4fa4-a97d-d965ccfc6d4b" outcome="Passed" testListId="8c84fa94-04c1-424b-9868-57a2d4851a1d" relativeResultsDirectory="f918b24e-e0e1-4e13-b3a2-9a90c34ec89b" />
    <UnitTestResult executionId="ee61e107-112b-4426-8651-a062d1416fe7" testId="38110dbb-4c54-c00d-67ec-d8c709fc0bd6" testName="GreenAi.E2E.CustomerAdminE2ETests.CustomerAdmin_SettingsTab_NoMissingLabels" computerName="LAPTOP-2Q5GS5I8" duration="00:00:03.3196683" startTime="2026-04-05T18:15:24.0590686+02:00" endTime="2026-04-05T18:15:27.3788269+02:00" testType="13cdc9d9-ddb5-4fa4-a97d-d965ccfc6d4b" outcome="Passed" testListId="8c84fa94-04c1-424b-9868-57a2d4851a1d" relativeResultsDirectory="ee61e107-112b-4426-8651-a062d1416fe7" />
    <UnitTestResult executionId="dab3d960-d3d1-424c-a91b-d54047f76afb" testId="93844514-1118-c739-0606-7aef5cbaaba2" testName="GreenAi.E2E.LoginFlowE2ETests.Login_SingleCustomerSingleProfile_NavigatesDirectlyToBroadcasting" computerName="LAPTOP-2Q5GS5I8" duration="00:00:02.5917887" startTime="2026-04-05T18:13:49.8408786+02:00" endTime="2026-04-05T18:13:52.4328037+02:00" testType="13cdc9d9-ddb5-4fa4-a97d-d965ccfc6d4b" outcome="Passed" testListId="8c84fa94-04c1-424b-9868-57a2d4851a1d" relativeResultsDirectory="dab3d960-d3d1-424c-a91b-d54047f76afb" />
    <UnitTestResult executionId="1c74e747-7eb5-442d-a2aa-f3186ab4a3b8" testId="5de81687-9c3b-540b-46e1-53e6f61f68f4" testName="GreenAi.E2E.Visual.NavigationVisualTests.OverlayNav_NavLinks_NavigateCorrectly" computerName="LAPTOP-2Q5GS5I8" duration="00:00:08.9591876" startTime="2026-04-05T18:12:40.8211553+02:00" endTime="2026-04-05T18:12:49.7804502+02:00" testType="13cdc9d9-ddb5-4fa4-a97d-d965ccfc6d4b" outcome="Passed" testListId="8c84fa94-04c1-424b-9868-57a2d4851a1d" relativeResultsDirectory="1c74e747-7eb5-442d-a2aa-f3186ab4a3b8" />
    <UnitTestResult executionId="b39fdf08-cc0d-4944-852a-1cf672a3e011" testId="e8d40798-e1e7-c63b-5d8e-567fdc8c6f5b" testName="GreenAi.E2E.LabelCoverageE2ETests.SelectCustomer_NoMissingLabels" computerName="LAPTOP-2Q5GS5I8" duration="00:00:18.1839495" startTime="2026-04-05T18:14:19.9103416+02:00" endTime="2026-04-05T18:14:38.1033535+02:00" testType="13cdc9d9-ddb5-4fa4-a97d-d965ccfc6d4b" outcome="Failed" testListId="8c84fa94-04c1-424b-9868-57a2d4851a1d" relativeResultsDirectory="b39fdf08-cc0d-4944-852a-1cf672a3e011">
      <Output>
        <ErrorInfo>
          <Message>System.Exception : E2E FAILURE: Timeout waiting for '[data-testid='customer-list']'

URL:     http://localhost:5057/select-customer
Screenshot: C:\Udvikling\green-ai\tests\GreenAi.E2E\bin\Debug\net10.0\..\..\..\TestResults\Screenshots\LabelCoverageE2ETests_20260405_161437.png

Browser console errors:
  (none)

Recent DB logs (Logs table):
  (no rows in Logs table)</Message>
          <StackTrace>   at GreenAi.E2E.E2ETestBase.FailAsync(String reason) in C:\Udvikling\green-ai\tests\GreenAi.E2E\E2ETestBase.cs:line 101&#xD;
   at GreenAi.E2E.E2ETestBase.WaitOrFailAsync(String selector, Int32 timeoutMs, String hint) in C:\Udvikling\green-ai\tests\GreenAi.E2E\E2ETestBase.cs:line 79&#xD;
   at GreenAi.E2E.LabelCoverageE2ETests.SelectCustomer_NoMissingLabels() in C:\Udvikling\green-ai\tests\GreenAi.E2E\LabelCoverageE2ETests.cs:line 129&#xD;
--- End of stack trace from previous location ---</StackTrace>
        </ErrorInfo>
      </Output>
    </UnitTestResult>
    <UnitTestResult executionId="688f6fb6-3e4f-4f9a-9379-f41994be1470" testId="ba8430a0-b50f-156f-34eb-0fff2cbc4b2f" testName="GreenAi.E2E.CustomerAdminE2ETests.CustomerAdmin_ProfilesTab_ShowsSeedProfiles" computerName="LAPTOP-2Q5GS5I8" duration="00:00:03.1834159" startTime="2026-04-05T18:15:35.2113686+02:00" endTime="2026-04-05T18:15:38.3948454+02:00" testType="13cdc9d9-ddb5-4fa4-a97d-d965ccfc6d4b" outcome="Passed" testListId="8c84fa94-04c1-424b-9868-57a2d4851a1d" relativeResultsDirectory="688f6fb6-3e4f-4f9a-9379-f41994be1470" />
    <UnitTestResult executionId="75dead66-a3b6-439e-bd6f-6714b85983a2" testId="e3c1a298-9885-4920-d800-f1a4820fd194" testName="GreenAi.E2E.DetailPageE2ETests.UserDetail_NoMissingLabels" computerName="LAPTOP-2Q5GS5I8" duration="00:00:03.4092878" startTime="2026-04-05T18:15:06.3338178+02:00" endTime="2026-04-05T18:15:09.7432760+02:00" testType="13cdc9d9-ddb5-4fa4-a97d-d965ccfc6d4b" outcome="Passed" testListId="8c84fa94-04c1-424b-9868-57a2d4851a1d" relativeResultsDirectory="75dead66-a3b6-439e-bd6f-6714b85983a2" />
  </Results>
  <TestDefinitions>
    <UnitTest name="GreenAi.E2E.DetailPageE2ETests.UserDetail_ActiveStatusChip_IsVisible" storage="c:\udvikling\green-ai\tests\greenai.e2e\bin\debug\net10.0\greenai.e2e.dll" id="6ef24e1e-b7bc-9663-bee8-23a7da386fd1">
      <Execution id="22ae855c-8bd1-4097-82a4-3751d8981972" />
      <TestMethod codeBase="C:\Udvikling\green-ai\tests\GreenAi.E2E\bin\Debug\net10.0\GreenAi.E2E.dll" adapterTypeName="executor://xunit/VsTestRunner3/netcore/" className="GreenAi.E2E.DetailPageE2ETests" name="UserDetail_ActiveStatusChip_IsVisible" />
    </UnitTest>
    <UnitTest name="GreenAi.E2E.Visual.NavigationVisualTests.OverlayNav_BackdropClick_Closes_NonMobile" storage="c:\udvikling\green-ai\tests\greenai.e2e\bin\debug\net10.0\greenai.e2e.dll" id="681e72a1-64f9-086a-a8bc-60707ce83b03">
      <Execution id="15c69750-0e77-4d42-ae39-88285201f4bb" />
      <TestMethod codeBase="C:\Udvikling\green-ai\tests\GreenAi.E2E\bin\Debug\net10.0\GreenAi.E2E.dll" adapterTypeName="executor://xunit/VsTestRunner3/netcore/" className="GreenAi.E2E.Visual.NavigationVisualTests" name="OverlayNav_BackdropClick_Closes_NonMobile" />
    </UnitTest>
    <UnitTest name="GreenAi.E2E.DetailPageE2ETests.ProfileDetail_NavigateFromTable_LoadsProfileInfoForm" storage="c:\udvikling\green-ai\tests\greenai.e2e\bin\debug\net10.0\greenai.e2e.dll" id="c362e506-522f-27ea-1c8e-3e3a2223bd99">
      <Execution id="b0e3346b-593f-48f6-8f35-897f33a7b8c8" />
      <TestMethod codeBase="C:\Udvikling\green-ai\tests\GreenAi.E2E\bin\Debug\net10.0\GreenAi.E2E.dll" adapterTypeName="executor://xunit/VsTestRunner3/netcore/" className="GreenAi.E2E.DetailPageE2ETests" name="ProfileDetail_NavigateFromTable_LoadsProfileInfoForm" />
    </UnitTest>
    <UnitTest name="GreenAi.E2E.Visual.NavigationVisualTests.TopBar_ShowsUserEmail_WhenAuthenticated" storage="c:\udvikling\green-ai\tests\greenai.e2e\bin\debug\net10.0\greenai.e2e.dll" id="2bcc4490-32d9-3d90-8f0e-6079ba9e345a">
      <Execution id="9885ffde-9453-41ca-a2c3-c096f7d27376" />
      <TestMethod codeBase="C:\Udvikling\green-ai\tests\GreenAi.E2E\bin\Debug\net10.0\GreenAi.E2E.dll" adapterTypeName="executor://xunit/VsTestRunner3/netcore/" className="GreenAi.E2E.Visual.NavigationVisualTests" name="TopBar_ShowsUserEmail_WhenAuthenticated" />
    </UnitTest>
    <UnitTest name="GreenAi.E2E.LabelCoverageE2ETests.SendWizard_NoMissingLabels" storage="c:\udvikling\green-ai\tests\greenai.e2e\bin\debug\net10.0\greenai.e2e.dll" id="eed0a7dd-ec50-5488-8971-769c9adcd555">
      <Execution id="fa570a84-40e0-4c77-ae55-2b1dd56c70a1" />
      <TestMethod codeBase="C:\Udvikling\green-ai\tests\GreenAi.E2E\bin\Debug\net10.0\GreenAi.E2E.dll" adapterTypeName="executor://xunit/VsTestRunner3/netcore/" className="GreenAi.E2E.LabelCoverageE2ETests" name="SendWizard_NoMissingLabels" />
    </UnitTest>
    <UnitTest name="GreenAi.E2E.Visual.NavigationVisualTests.CommandPalette_Open_AllDevices" storage="c:\udvikling\green-ai\tests\greenai.e2e\bin\debug\net10.0\greenai.e2e.dll" id="c0565992-6d34-3a4a-b8ad-8f6f597c45bc">
      <Execution id="90f7fca2-679d-4585-9f21-07345208a9c3" />
      <TestMethod codeBase="C:\Udvikling\green-ai\tests\GreenAi.E2E\bin\Debug\net10.0\GreenAi.E2E.dll" adapterTypeName="executor://xunit/VsTestRunner3/netcore/" className="GreenAi.E2E.Visual.NavigationVisualTests" name="CommandPalette_Open_AllDevices" />
    </UnitTest>
    <UnitTest name="GreenAi.E2E.CustomerAdminE2ETests.CustomerAdmin_UsersTab_NoMissingLabels" storage="c:\udvikling\green-ai\tests\greenai.e2e\bin\debug\net10.0\greenai.e2e.dll" id="6f21fb76-c1c9-fe83-8cea-7b8af6e1da1a">
      <Execution id="bec6ec2e-4e3f-42df-8b06-5420ddac596b" />
      <TestMethod codeBase="C:\Udvikling\green-ai\tests\GreenAi.E2E\bin\Debug\net10.0\GreenAi.E2E.dll" adapterTypeName="executor://xunit/VsTestRunner3/netcore/" className="GreenAi.E2E.CustomerAdminE2ETests" name="CustomerAdmin_UsersTab_NoMissingLabels" />
    </UnitTest>
    <UnitTest name="GreenAi.E2E.LoginFlowE2ETests.Login_SingleCustomerMultipleProfiles_SelectProfile_NavigatesToBroadcasting" storage="c:\udvikling\green-ai\tests\greenai.e2e\bin\debug\net10.0\greenai.e2e.dll" id="17cafc69-f9be-418f-1b43-5f32a7971675">
      <Execution id="9b65185a-aac6-4fcb-b260-0673b2d680d4" />
      <TestMethod codeBase="C:\Udvikling\green-ai\tests\GreenAi.E2E\bin\Debug\net10.0\GreenAi.E2E.dll" adapterTypeName="executor://xunit/VsTestRunner3/netcore/" className="GreenAi.E2E.LoginFlowE2ETests" name="Login_SingleCustomerMultipleProfiles_SelectProfile_NavigatesToBroadcasting" />
    </UnitTest>
    <UnitTest name="GreenAi.E2E.CustomerAdminE2ETests.Login_WithValidCredentials_RedirectsToHome" storage="c:\udvikling\green-ai\tests\greenai.e2e\bin\debug\net10.0\greenai.e2e.dll" id="d185c56f-05f8-ea55-f119-8e96d680bae6">
      <Execution id="28bbb87e-5049-446e-83fc-d601030cb36f" />
      <TestMethod codeBase="C:\Udvikling\green-ai\tests\GreenAi.E2E\bin\Debug\net10.0\GreenAi.E2E.dll" adapterTypeName="executor://xunit/VsTestRunner3/netcore/" className="GreenAi.E2E.CustomerAdminE2ETests" name="Login_WithValidCredentials_RedirectsToHome" />
    </UnitTest>
    <UnitTest name="GreenAi.E2E.LabelCoverageE2ETests.SelectCustomer_NoMissingLabels" storage="c:\udvikling\green-ai\tests\greenai.e2e\bin\debug\net10.0\greenai.e2e.dll" id="e8d40798-e1e7-c63b-5d8e-567fdc8c6f5b">
      <Execution id="b39fdf08-cc0d-4944-852a-1cf672a3e011" />
      <TestMethod codeBase="C:\Udvikling\green-ai\tests\GreenAi.E2E\bin\Debug\net10.0\GreenAi.E2E.dll" adapterTypeName="executor://xunit/VsTestRunner3/netcore/" className="GreenAi.E2E.LabelCoverageE2ETests" name="SelectCustomer_NoMissingLabels" />
    </UnitTest>
    <UnitTest name="GreenAi.E2E.LabelCoverageE2ETests.SuperAdmin_NoMissingLabels" storage="c:\udvikling\green-ai\tests\greenai.e2e\bin\debug\net10.0\greenai.e2e.dll" id="c7ab239f-b07a-4f94-a384-baa074b37d98">
      <Execution id="bb2d9d0a-984f-4298-ab29-365edd509f77" />
      <TestMethod codeBase="C:\Udvikling\green-ai\tests\GreenAi.E2E\bin\Debug\net10.0\GreenAi.E2E.dll" adapterTypeName="executor://xunit/VsTestRunner3/netcore/" className="GreenAi.E2E.LabelCoverageE2ETests" name="SuperAdmin_NoMissingLabels" />
    </UnitTest>
    <UnitTest name="GreenAi.E2E.DetailPageE2ETests.ProfileDetail_ProfileNameField_IsPresentAndEditable" storage="c:\udvikling\green-ai\tests\greenai.e2e\bin\debug\net10.0\greenai.e2e.dll" id="ec1af9c9-b214-e604-7895-76f112d24f37">
      <Execution id="f007dda3-06dd-4aff-b511-9762de7b45ad" />
      <TestMethod codeBase="C:\Udvikling\green-ai\tests\GreenAi.E2E\bin\Debug\net10.0\GreenAi.E2E.dll" adapterTypeName="executor://xunit/VsTestRunner3/netcore/" className="GreenAi.E2E.DetailPageE2ETests" name="ProfileDetail_ProfileNameField_IsPresentAndEditable" />
    </UnitTest>
    <UnitTest name="GreenAi.E2E.Visual.NavigationVisualTests.Dashboard_AllDevices" storage="c:\udvikling\green-ai\tests\greenai.e2e\bin\debug\net10.0\greenai.e2e.dll" id="a3d4b2d4-68d8-743e-8f21-b9ca19f8b1b2">
      <Execution id="9e224d74-74da-4247-8a28-3b4939b2970b" />
      <TestMethod codeBase="C:\Udvikling\green-ai\tests\GreenAi.E2E\bin\Debug\net10.0\GreenAi.E2E.dll" adapterTypeName="executor://xunit/VsTestRunner3/netcore/" className="GreenAi.E2E.Visual.NavigationVisualTests" name="Dashboard_AllDevices" />
    </UnitTest>
    <UnitTest name="GreenAi.E2E.LoginFlowE2ETests.Login_MultipleCustomers_ShowsSelectCustomerPage" storage="c:\udvikling\green-ai\tests\greenai.e2e\bin\debug\net10.0\greenai.e2e.dll" id="96413178-20ad-3567-b3cf-bdf5a1a7df69">
      <Execution id="5a323599-6563-4caf-9ee7-44a34cc47537" />
      <TestMethod codeBase="C:\Udvikling\green-ai\tests\GreenAi.E2E\bin\Debug\net10.0\GreenAi.E2E.dll" adapterTypeName="executor://xunit/VsTestRunner3/netcore/" className="GreenAi.E2E.LoginFlowE2ETests" name="Login_MultipleCustomers_ShowsSelectCustomerPage" />
    </UnitTest>
    <UnitTest name="GreenAi.E2E.DetailPageE2ETests.ProfileDetail_NoMissingLabels" storage="c:\udvikling\green-ai\tests\greenai.e2e\bin\debug\net10.0\greenai.e2e.dll" id="28c743a2-ed50-21c2-6e55-5516582e7db7">
      <Execution id="0b29a612-00c1-4008-9242-8efecbd5898e" />
      <TestMethod codeBase="C:\Udvikling\green-ai\tests\GreenAi.E2E\bin\Debug\net10.0\GreenAi.E2E.dll" adapterTypeName="executor://xunit/VsTestRunner3/netcore/" className="GreenAi.E2E.DetailPageE2ETests" name="ProfileDetail_NoMissingLabels" />
    </UnitTest>
    <UnitTest name="GreenAi.E2E.CustomerAdminE2ETests.CustomerAdmin_UnauthenticatedAccess_RedirectsToLogin" storage="c:\udvikling\green-ai\tests\greenai.e2e\bin\debug\net10.0\greenai.e2e.dll" id="c451d1bb-122e-0d08-c606-cf27abf33f7c">
      <Execution id="6a49288a-e128-442e-8b8d-df7b4ae794d5" />
      <TestMethod codeBase="C:\Udvikling\green-ai\tests\GreenAi.E2E\bin\Debug\net10.0\GreenAi.E2E.dll" adapterTypeName="executor://xunit/VsTestRunner3/netcore/" className="GreenAi.E2E.CustomerAdminE2ETests" name="CustomerAdmin_UnauthenticatedAccess_RedirectsToLogin" />
    </UnitTest>
    <UnitTest name="GreenAi.E2E.LabelCoverageE2ETests.StatusDetail_NoMissingLabels" storage="c:\udvikling\green-ai\tests\greenai.e2e\bin\debug\net10.0\greenai.e2e.dll" id="5b779511-9be5-cf31-092f-55c5c416231f">
      <Execution id="f918b24e-e0e1-4e13-b3a2-9a90c34ec89b" />
      <TestMethod codeBase="C:\Udvikling\green-ai\tests\GreenAi.E2E\bin\Debug\net10.0\GreenAi.E2E.dll" adapterTypeName="executor://xunit/VsTestRunner3/netcore/" className="GreenAi.E2E.LabelCoverageE2ETests" name="StatusDetail_NoMissingLabels" />
    </UnitTest>
    <UnitTest name="GreenAi.E2E.CustomerAdminE2ETests.CustomerAdmin_AfterLogin_ShowsHeading" storage="c:\udvikling\green-ai\tests\greenai.e2e\bin\debug\net10.0\greenai.e2e.dll" id="52d31b75-c007-42f6-e556-3ae1101d7eb2">
      <Execution id="02ba6b69-69a6-4f03-8a04-57816dd52d2c" />
      <TestMethod codeBase="C:\Udvikling\green-ai\tests\GreenAi.E2E\bin\Debug\net10.0\GreenAi.E2E.dll" adapterTypeName="executor://xunit/VsTestRunner3/netcore/" className="GreenAi.E2E.CustomerAdminE2ETests" name="CustomerAdmin_AfterLogin_ShowsHeading" />
    </UnitTest>
    <UnitTest name="GreenAi.E2E.Visual.NavigationVisualTests.UserProfile_AllDevices" storage="c:\udvikling\green-ai\tests\greenai.e2e\bin\debug\net10.0\greenai.e2e.dll" id="fef5af75-593f-4da4-fc26-afb5afa64846">
      <Execution id="ec3f5582-cb5b-4594-8161-b3ef5923b2c4" />
      <TestMethod codeBase="C:\Udvikling\green-ai\tests\GreenAi.E2E\bin\Debug\net10.0\GreenAi.E2E.dll" adapterTypeName="executor://xunit/VsTestRunner3/netcore/" className="GreenAi.E2E.Visual.NavigationVisualTests" name="UserProfile_AllDevices" />
    </UnitTest>
    <UnitTest name="GreenAi.E2E.CustomerAdminE2ETests.Login_WithWrongPassword_ShowsError" storage="c:\udvikling\green-ai\tests\greenai.e2e\bin\debug\net10.0\greenai.e2e.dll" id="351495f3-09f6-f48f-f99f-3f5a835dc9be">
      <Execution id="3811bdd9-6d64-4737-9868-0f427e18e331" />
      <TestMethod codeBase="C:\Udvikling\green-ai\tests\GreenAi.E2E\bin\Debug\net10.0\GreenAi.E2E.dll" adapterTypeName="executor://xunit/VsTestRunner3/netcore/" className="GreenAi.E2E.CustomerAdminE2ETests" name="Login_WithWrongPassword_ShowsError" />
    </UnitTest>
    <UnitTest name="GreenAi.E2E.LoginFlowE2ETests.Login_MultipleCustomers_SelectCustomer_NavigatesToBroadcasting" storage="c:\udvikling\green-ai\tests\greenai.e2e\bin\debug\net10.0\greenai.e2e.dll" id="1514c7e3-cdd5-81ac-92e5-2e342423b454">
      <Execution id="922237ac-522f-4697-b39d-2659b8d38009" />
      <TestMethod codeBase="C:\Udvikling\green-ai\tests\GreenAi.E2E\bin\Debug\net10.0\GreenAi.E2E.dll" adapterTypeName="executor://xunit/VsTestRunner3/netcore/" className="GreenAi.E2E.LoginFlowE2ETests" name="Login_MultipleCustomers_SelectCustomer_NavigatesToBroadcasting" />
    </UnitTest>
    <UnitTest name="GreenAi.E2E.Visual.NavigationVisualTests.CommandPalette_TypeFilters_AndNavigates_AllDevices" storage="c:\udvikling\green-ai\tests\greenai.e2e\bin\debug\net10.0\greenai.e2e.dll" id="ecbc3c83-a864-026a-57fc-8ef120975fa0">
      <Execution id="b843d1ae-b3fd-4fbd-bb45-e98ab4a21396" />
      <TestMethod codeBase="C:\Udvikling\green-ai\tests\GreenAi.E2E\bin\Debug\net10.0\GreenAi.E2E.dll" adapterTypeName="executor://xunit/VsTestRunner3/netcore/" className="GreenAi.E2E.Visual.NavigationVisualTests" name="CommandPalette_TypeFilters_AndNavigates_AllDevices" />
    </UnitTest>
    <UnitTest name="GreenAi.E2E.LabelCoverageE2ETests.SelectProfile_NoMissingLabels" storage="c:\udvikling\green-ai\tests\greenai.e2e\bin\debug\net10.0\greenai.e2e.dll" id="6199eddb-75c8-d2ac-d687-af1e81ecfa20">
      <Execution id="395a4b33-35ba-43d1-b928-35fb1500f656" />
      <TestMethod codeBase="C:\Udvikling\green-ai\tests\GreenAi.E2E\bin\Debug\net10.0\GreenAi.E2E.dll" adapterTypeName="executor://xunit/VsTestRunner3/netcore/" className="GreenAi.E2E.LabelCoverageE2ETests" name="SelectProfile_NoMissingLabels" />
    </UnitTest>
    <UnitTest name="GreenAi.E2E.LoginFlowE2ETests.Login_SingleCustomerSingleProfile_NavigatesDirectlyToBroadcasting" storage="c:\udvikling\green-ai\tests\greenai.e2e\bin\debug\net10.0\greenai.e2e.dll" id="93844514-1118-c739-0606-7aef5cbaaba2">
      <Execution id="dab3d960-d3d1-424c-a91b-d54047f76afb" />
      <TestMethod codeBase="C:\Udvikling\green-ai\tests\GreenAi.E2E\bin\Debug\net10.0\GreenAi.E2E.dll" adapterTypeName="executor://xunit/VsTestRunner3/netcore/" className="GreenAi.E2E.LoginFlowE2ETests" name="Login_SingleCustomerSingleProfile_NavigatesDirectlyToBroadcasting" />
    </UnitTest>
    <UnitTest name="GreenAi.E2E.DetailPageE2ETests.UserDetail_NoMissingLabels" storage="c:\udvikling\green-ai\tests\greenai.e2e\bin\debug\net10.0\greenai.e2e.dll" id="e3c1a298-9885-4920-d800-f1a4820fd194">
      <Execution id="75dead66-a3b6-439e-bd6f-6714b85983a2" />
      <TestMethod codeBase="C:\Udvikling\green-ai\tests\GreenAi.E2E\bin\Debug\net10.0\GreenAi.E2E.dll" adapterTypeName="executor://xunit/VsTestRunner3/netcore/" className="GreenAi.E2E.DetailPageE2ETests" name="UserDetail_NoMissingLabels" />
    </UnitTest>
    <UnitTest name="GreenAi.E2E.LoginFlowE2ETests.Login_SingleCustomerMultipleProfiles_ShowsSelectProfilePage" storage="c:\udvikling\green-ai\tests\greenai.e2e\bin\debug\net10.0\greenai.e2e.dll" id="c2477602-a002-2a10-b8fe-d98b639cb2e5">
      <Execution id="226d5f52-468d-481e-9fc6-729be6d280c2" />
      <TestMethod codeBase="C:\Udvikling\green-ai\tests\GreenAi.E2E\bin\Debug\net10.0\GreenAi.E2E.dll" adapterTypeName="executor://xunit/VsTestRunner3/netcore/" className="GreenAi.E2E.LoginFlowE2ETests" name="Login_SingleCustomerMultipleProfiles_ShowsSelectProfilePage" />
    </UnitTest>
    <UnitTest name="GreenAi.E2E.LabelCoverageE2ETests.UserProfile_NoMissingLabels" storage="c:\udvikling\green-ai\tests\greenai.e2e\bin\debug\net10.0\greenai.e2e.dll" id="e5df468f-097d-4e93-2215-fb6b4187bbf4">
      <Execution id="213a809b-5064-4055-b455-bd90bcce4486" />
      <TestMethod codeBase="C:\Udvikling\green-ai\tests\GreenAi.E2E\bin\Debug\net10.0\GreenAi.E2E.dll" adapterTypeName="executor://xunit/VsTestRunner3/netcore/" className="GreenAi.E2E.LabelCoverageE2ETests" name="UserProfile_NoMissingLabels" />
    </UnitTest>
    <UnitTest name="GreenAi.E2E.LabelCoverageE2ETests.AdminSettings_NoMissingLabels" storage="c:\udvikling\green-ai\tests\greenai.e2e\bin\debug\net10.0\greenai.e2e.dll" id="4e45b4d7-79cb-6286-febd-551e60c646f9">
      <Execution id="70600259-5a48-42fb-8dcb-4a0731986590" />
      <TestMethod codeBase="C:\Udvikling\green-ai\tests\GreenAi.E2E\bin\Debug\net10.0\GreenAi.E2E.dll" adapterTypeName="executor://xunit/VsTestRunner3/netcore/" className="GreenAi.E2E.LabelCoverageE2ETests" name="AdminSettings_NoMissingLabels" />
    </UnitTest>
    <UnitTest name="GreenAi.E2E.CustomerAdminE2ETests.CustomerAdmin_ProfilesTab_ShowsSeedProfiles" storage="c:\udvikling\green-ai\tests\greenai.e2e\bin\debug\net10.0\greenai.e2e.dll" id="ba8430a0-b50f-156f-34eb-0fff2cbc4b2f">
      <Execution id="688f6fb6-3e4f-4f9a-9379-f41994be1470" />
      <TestMethod codeBase="C:\Udvikling\green-ai\tests\GreenAi.E2E\bin\Debug\net10.0\GreenAi.E2E.dll" adapterTypeName="executor://xunit/VsTestRunner3/netcore/" className="GreenAi.E2E.CustomerAdminE2ETests" name="CustomerAdmin_ProfilesTab_ShowsSeedProfiles" />
    </UnitTest>
    <UnitTest name="GreenAi.E2E.DetailPageE2ETests.UserDetail_NavigateFromTable_LoadsBreadcrumbs" storage="c:\udvikling\green-ai\tests\greenai.e2e\bin\debug\net10.0\greenai.e2e.dll" id="8414f684-09c2-ad79-b35b-8d18b03ee549">
      <Execution id="9b3d0673-c478-4aaa-953f-5ba0db8aac2f" />
      <TestMethod codeBase="C:\Udvikling\green-ai\tests\GreenAi.E2E\bin\Debug\net10.0\GreenAi.E2E.dll" adapterTypeName="executor://xunit/VsTestRunner3/netcore/" className="GreenAi.E2E.DetailPageE2ETests" name="UserDetail_NavigateFromTable_LoadsBreadcrumbs" />
    </UnitTest>
    <UnitTest name="GreenAi.E2E.CustomerAdminE2ETests.CustomerAdmin_SettingsTab_NoMissingLabels" storage="c:\udvikling\green-ai\tests\greenai.e2e\bin\debug\net10.0\greenai.e2e.dll" id="38110dbb-4c54-c00d-67ec-d8c709fc0bd6">
      <Execution id="ee61e107-112b-4426-8651-a062d1416fe7" />
      <TestMethod codeBase="C:\Udvikling\green-ai\tests\GreenAi.E2E\bin\Debug\net10.0\GreenAi.E2E.dll" adapterTypeName="executor://xunit/VsTestRunner3/netcore/" className="GreenAi.E2E.CustomerAdminE2ETests" name="CustomerAdmin_SettingsTab_NoMissingLabels" />
    </UnitTest>
    <UnitTest name="GreenAi.E2E.LabelCoverageE2ETests.Dashboard_RedirectsToBroadcasting" storage="c:\udvikling\green-ai\tests\greenai.e2e\bin\debug\net10.0\greenai.e2e.dll" id="211a7750-3056-af95-4b2d-6c37ac077778">
      <Execution id="d88d7e0d-bd6a-43eb-b612-f0c701ced24f" />
      <TestMethod codeBase="C:\Udvikling\green-ai\tests\GreenAi.E2E\bin\Debug\net10.0\GreenAi.E2E.dll" adapterTypeName="executor://xunit/VsTestRunner3/netcore/" className="GreenAi.E2E.LabelCoverageE2ETests" name="Dashboard_RedirectsToBroadcasting" />
    </UnitTest>
    <UnitTest name="GreenAi.E2E.LabelCoverageE2ETests.Drafts_NoMissingLabels" storage="c:\udvikling\green-ai\tests\greenai.e2e\bin\debug\net10.0\greenai.e2e.dll" id="2bcbdf26-1e64-d41a-6ccc-bc2ad133021d">
      <Execution id="103b2bac-715f-4c7d-9b40-f7f095f7dcac" />
      <TestMethod codeBase="C:\Udvikling\green-ai\tests\GreenAi.E2E\bin\Debug\net10.0\GreenAi.E2E.dll" adapterTypeName="executor://xunit/VsTestRunner3/netcore/" className="GreenAi.E2E.LabelCoverageE2ETests" name="Drafts_NoMissingLabels" />
    </UnitTest>
    <UnitTest name="GreenAi.E2E.LabelCoverageE2ETests.AdminUsers_NoMissingLabels" storage="c:\udvikling\green-ai\tests\greenai.e2e\bin\debug\net10.0\greenai.e2e.dll" id="c3c1f6f6-7342-6d4b-6c96-97baf002d2e9">
      <Execution id="9f1d4a2c-c397-4920-b326-bf3823a99140" />
      <TestMethod codeBase="C:\Udvikling\green-ai\tests\GreenAi.E2E\bin\Debug\net10.0\GreenAi.E2E.dll" adapterTypeName="executor://xunit/VsTestRunner3/netcore/" className="GreenAi.E2E.LabelCoverageE2ETests" name="AdminUsers_NoMissingLabels" />
    </UnitTest>
    <UnitTest name="GreenAi.E2E.Visual.NavigationVisualTests.Resize_Desktop_To_Mobile" storage="c:\udvikling\green-ai\tests\greenai.e2e\bin\debug\net10.0\greenai.e2e.dll" id="24013c7e-979c-08e4-9cb8-c3b861d94655">
      <Execution id="07cb7050-e936-43b7-b91a-4b115c4af537" />
      <TestMethod codeBase="C:\Udvikling\green-ai\tests\GreenAi.E2E\bin\Debug\net10.0\GreenAi.E2E.dll" adapterTypeName="executor://xunit/VsTestRunner3/netcore/" className="GreenAi.E2E.Visual.NavigationVisualTests" name="Resize_Desktop_To_Mobile" />
    </UnitTest>
    <UnitTest name="GreenAi.E2E.CustomerAdminE2ETests.CustomerAdmin_UsersTab_ShowsSeedUsers" storage="c:\udvikling\green-ai\tests\greenai.e2e\bin\debug\net10.0\greenai.e2e.dll" id="7c3d8fb4-a440-8d7b-6a19-d8d74ff3a163">
      <Execution id="5584947d-9da7-4c40-9e70-a912599762a6" />
      <TestMethod codeBase="C:\Udvikling\green-ai\tests\GreenAi.E2E\bin\Debug\net10.0\GreenAi.E2E.dll" adapterTypeName="executor://xunit/VsTestRunner3/netcore/" className="GreenAi.E2E.CustomerAdminE2ETests" name="CustomerAdmin_UsersTab_ShowsSeedUsers" />
    </UnitTest>
    <UnitTest name="GreenAi.E2E.LabelCoverageE2ETests.Status_NoMissingLabels" storage="c:\udvikling\green-ai\tests\greenai.e2e\bin\debug\net10.0\greenai.e2e.dll" id="4ee67fd7-6259-1087-5ba8-4702a82477af">
      <Execution id="dee9d288-842e-42ab-9906-1bb481aa599a" />
      <TestMethod codeBase="C:\Udvikling\green-ai\tests\GreenAi.E2E\bin\Debug\net10.0\GreenAi.E2E.dll" adapterTypeName="executor://xunit/VsTestRunner3/netcore/" className="GreenAi.E2E.LabelCoverageE2ETests" name="Status_NoMissingLabels" />
    </UnitTest>
    <UnitTest name="GreenAi.E2E.LabelCoverageE2ETests.Broadcasting_NoMissingLabels" storage="c:\udvikling\green-ai\tests\greenai.e2e\bin\debug\net10.0\greenai.e2e.dll" id="f3951272-e2dc-f90e-d27c-b6b1ed03d55c">
      <Execution id="1f5fad1a-50e4-495b-8177-d00baa2e2dd0" />
      <TestMethod codeBase="C:\Udvikling\green-ai\tests\GreenAi.E2E\bin\Debug\net10.0\GreenAi.E2E.dll" adapterTypeName="executor://xunit/VsTestRunner3/netcore/" className="GreenAi.E2E.LabelCoverageE2ETests" name="Broadcasting_NoMissingLabels" />
    </UnitTest>
    <UnitTest name="GreenAi.E2E.Visual.NavigationVisualTests.OverlayNav_ESCCloses_AllDevices" storage="c:\udvikling\green-ai\tests\greenai.e2e\bin\debug\net10.0\greenai.e2e.dll" id="794ce17b-ba8c-ab7d-5fb9-401bad973950">
      <Execution id="eac06acf-a5be-49d6-b4e4-df1d9a1639f1" />
      <TestMethod codeBase="C:\Udvikling\green-ai\tests\GreenAi.E2E\bin\Debug\net10.0\GreenAi.E2E.dll" adapterTypeName="executor://xunit/VsTestRunner3/netcore/" className="GreenAi.E2E.Visual.NavigationVisualTests" name="OverlayNav_ESCCloses_AllDevices" />
    </UnitTest>
    <UnitTest name="GreenAi.E2E.Visual.NavigationVisualTests.WizardLayout_IsAccessible_AllDevices" storage="c:\udvikling\green-ai\tests\greenai.e2e\bin\debug\net10.0\greenai.e2e.dll" id="901cfdbc-ffaa-a154-7559-0ada183f3a9d">
      <Execution id="776195d1-f53a-4354-ad84-971ce9d9113f" />
      <TestMethod codeBase="C:\Udvikling\green-ai\tests\GreenAi.E2E\bin\Debug\net10.0\GreenAi.E2E.dll" adapterTypeName="executor://xunit/VsTestRunner3/netcore/" className="GreenAi.E2E.Visual.NavigationVisualTests" name="WizardLayout_IsAccessible_AllDevices" />
    </UnitTest>
    <UnitTest name="GreenAi.E2E.Visual.NavigationVisualTests.OverlayNav_Open_AllDevices" storage="c:\udvikling\green-ai\tests\greenai.e2e\bin\debug\net10.0\greenai.e2e.dll" id="69e3b573-07a4-c60c-20b5-b5ee3ecbe577">
      <Execution id="f67efff1-bef4-4428-8c8b-132b5ae19fe6" />
      <TestMethod codeBase="C:\Udvikling\green-ai\tests\GreenAi.E2E\bin\Debug\net10.0\GreenAi.E2E.dll" adapterTypeName="executor://xunit/VsTestRunner3/netcore/" className="GreenAi.E2E.Visual.NavigationVisualTests" name="OverlayNav_Open_AllDevices" />
    </UnitTest>
    <UnitTest name="GreenAi.E2E.Visual.NavigationVisualTests.OverlayNav_NavLinks_NavigateCorrectly" storage="c:\udvikling\green-ai\tests\greenai.e2e\bin\debug\net10.0\greenai.e2e.dll" id="5de81687-9c3b-540b-46e1-53e6f61f68f4">
      <Execution id="1c74e747-7eb5-442d-a2aa-f3186ab4a3b8" />
      <TestMethod codeBase="C:\Udvikling\green-ai\tests\GreenAi.E2E\bin\Debug\net10.0\GreenAi.E2E.dll" adapterTypeName="executor://xunit/VsTestRunner3/netcore/" className="GreenAi.E2E.Visual.NavigationVisualTests" name="OverlayNav_NavLinks_NavigateCorrectly" />
    </UnitTest>
    <UnitTest name="GreenAi.E2E.CustomerAdminE2ETests.CustomerAdmin_ProfilesTab_NoMissingLabels" storage="c:\udvikling\green-ai\tests\greenai.e2e\bin\debug\net10.0\greenai.e2e.dll" id="bd93d7f1-b86f-5210-2589-b66ec3e8eb32">
      <Execution id="08ab5154-2f6c-4618-9a88-26a24ce8f738" />
      <TestMethod codeBase="C:\Udvikling\green-ai\tests\GreenAi.E2E\bin\Debug\net10.0\GreenAi.E2E.dll" adapterTypeName="executor://xunit/VsTestRunner3/netcore/" className="GreenAi.E2E.CustomerAdminE2ETests" name="CustomerAdmin_ProfilesTab_NoMissingLabels" />
    </UnitTest>
  </TestDefinitions>
  <TestEntries>
    <TestEntry testId="c7ab239f-b07a-4f94-a384-baa074b37d98" executionId="bb2d9d0a-984f-4298-ab29-365edd509f77" testListId="8c84fa94-04c1-424b-9868-57a2d4851a1d" />
    <TestEntry testId="c451d1bb-122e-0d08-c606-cf27abf33f7c" executionId="6a49288a-e128-442e-8b8d-df7b4ae794d5" testListId="8c84fa94-04c1-424b-9868-57a2d4851a1d" />
    <TestEntry testId="211a7750-3056-af95-4b2d-6c37ac077778" executionId="d88d7e0d-bd6a-43eb-b612-f0c701ced24f" testListId="8c84fa94-04c1-424b-9868-57a2d4851a1d" />
    <TestEntry testId="c0565992-6d34-3a4a-b8ad-8f6f597c45bc" executionId="90f7fca2-679d-4585-9f21-07345208a9c3" testListId="8c84fa94-04c1-424b-9868-57a2d4851a1d" />
    <TestEntry testId="17cafc69-f9be-418f-1b43-5f32a7971675" executionId="9b65185a-aac6-4fcb-b260-0673b2d680d4" testListId="8c84fa94-04c1-424b-9868-57a2d4851a1d" />
    <TestEntry testId="24013c7e-979c-08e4-9cb8-c3b861d94655" executionId="07cb7050-e936-43b7-b91a-4b115c4af537" testListId="8c84fa94-04c1-424b-9868-57a2d4851a1d" />
    <TestEntry testId="fef5af75-593f-4da4-fc26-afb5afa64846" executionId="ec3f5582-cb5b-4594-8161-b3ef5923b2c4" testListId="8c84fa94-04c1-424b-9868-57a2d4851a1d" />
    <TestEntry testId="d185c56f-05f8-ea55-f119-8e96d680bae6" executionId="28bbb87e-5049-446e-83fc-d601030cb36f" testListId="8c84fa94-04c1-424b-9868-57a2d4851a1d" />
    <TestEntry testId="6ef24e1e-b7bc-9663-bee8-23a7da386fd1" executionId="22ae855c-8bd1-4097-82a4-3751d8981972" testListId="8c84fa94-04c1-424b-9868-57a2d4851a1d" />
    <TestEntry testId="351495f3-09f6-f48f-f99f-3f5a835dc9be" executionId="3811bdd9-6d64-4737-9868-0f427e18e331" testListId="8c84fa94-04c1-424b-9868-57a2d4851a1d" />
    <TestEntry testId="96413178-20ad-3567-b3cf-bdf5a1a7df69" executionId="5a323599-6563-4caf-9ee7-44a34cc47537" testListId="8c84fa94-04c1-424b-9868-57a2d4851a1d" />
    <TestEntry testId="f3951272-e2dc-f90e-d27c-b6b1ed03d55c" executionId="1f5fad1a-50e4-495b-8177-d00baa2e2dd0" testListId="8c84fa94-04c1-424b-9868-57a2d4851a1d" />
    <TestEntry testId="ecbc3c83-a864-026a-57fc-8ef120975fa0" executionId="b843d1ae-b3fd-4fbd-bb45-e98ab4a21396" testListId="8c84fa94-04c1-424b-9868-57a2d4851a1d" />
    <TestEntry testId="28c743a2-ed50-21c2-6e55-5516582e7db7" executionId="0b29a612-00c1-4008-9242-8efecbd5898e" testListId="8c84fa94-04c1-424b-9868-57a2d4851a1d" />
    <TestEntry testId="2bcbdf26-1e64-d41a-6ccc-bc2ad133021d" executionId="103b2bac-715f-4c7d-9b40-f7f095f7dcac" testListId="8c84fa94-04c1-424b-9868-57a2d4851a1d" />
    <TestEntry testId="eed0a7dd-ec50-5488-8971-769c9adcd555" executionId="fa570a84-40e0-4c77-ae55-2b1dd56c70a1" testListId="8c84fa94-04c1-424b-9868-57a2d4851a1d" />
    <TestEntry testId="c2477602-a002-2a10-b8fe-d98b639cb2e5" executionId="226d5f52-468d-481e-9fc6-729be6d280c2" testListId="8c84fa94-04c1-424b-9868-57a2d4851a1d" />
    <TestEntry testId="901cfdbc-ffaa-a154-7559-0ada183f3a9d" executionId="776195d1-f53a-4354-ad84-971ce9d9113f" testListId="8c84fa94-04c1-424b-9868-57a2d4851a1d" />
    <TestEntry testId="8414f684-09c2-ad79-b35b-8d18b03ee549" executionId="9b3d0673-c478-4aaa-953f-5ba0db8aac2f" testListId="8c84fa94-04c1-424b-9868-57a2d4851a1d" />
    <TestEntry testId="52d31b75-c007-42f6-e556-3ae1101d7eb2" executionId="02ba6b69-69a6-4f03-8a04-57816dd52d2c" testListId="8c84fa94-04c1-424b-9868-57a2d4851a1d" />
    <TestEntry testId="c3c1f6f6-7342-6d4b-6c96-97baf002d2e9" executionId="9f1d4a2c-c397-4920-b326-bf3823a99140" testListId="8c84fa94-04c1-424b-9868-57a2d4851a1d" />
    <TestEntry testId="ec1af9c9-b214-e604-7895-76f112d24f37" executionId="f007dda3-06dd-4aff-b511-9762de7b45ad" testListId="8c84fa94-04c1-424b-9868-57a2d4851a1d" />
    <TestEntry testId="e5df468f-097d-4e93-2215-fb6b4187bbf4" executionId="213a809b-5064-4055-b455-bd90bcce4486" testListId="8c84fa94-04c1-424b-9868-57a2d4851a1d" />
    <TestEntry testId="1514c7e3-cdd5-81ac-92e5-2e342423b454" executionId="922237ac-522f-4697-b39d-2659b8d38009" testListId="8c84fa94-04c1-424b-9868-57a2d4851a1d" />
    <TestEntry testId="794ce17b-ba8c-ab7d-5fb9-401bad973950" executionId="eac06acf-a5be-49d6-b4e4-df1d9a1639f1" testListId="8c84fa94-04c1-424b-9868-57a2d4851a1d" />
    <TestEntry testId="7c3d8fb4-a440-8d7b-6a19-d8d74ff3a163" executionId="5584947d-9da7-4c40-9e70-a912599762a6" testListId="8c84fa94-04c1-424b-9868-57a2d4851a1d" />
    <TestEntry testId="6f21fb76-c1c9-fe83-8cea-7b8af6e1da1a" executionId="bec6ec2e-4e3f-42df-8b06-5420ddac596b" testListId="8c84fa94-04c1-424b-9868-57a2d4851a1d" />
    <TestEntry testId="681e72a1-64f9-086a-a8bc-60707ce83b03" executionId="15c69750-0e77-4d42-ae39-88285201f4bb" testListId="8c84fa94-04c1-424b-9868-57a2d4851a1d" />
    <TestEntry testId="4ee67fd7-6259-1087-5ba8-4702a82477af" executionId="dee9d288-842e-42ab-9906-1bb481aa599a" testListId="8c84fa94-04c1-424b-9868-57a2d4851a1d" />
    <TestEntry testId="69e3b573-07a4-c60c-20b5-b5ee3ecbe577" executionId="f67efff1-bef4-4428-8c8b-132b5ae19fe6" testListId="8c84fa94-04c1-424b-9868-57a2d4851a1d" />
    <TestEntry testId="4e45b4d7-79cb-6286-febd-551e60c646f9" executionId="70600259-5a48-42fb-8dcb-4a0731986590" testListId="8c84fa94-04c1-424b-9868-57a2d4851a1d" />
    <TestEntry testId="c362e506-522f-27ea-1c8e-3e3a2223bd99" executionId="b0e3346b-593f-48f6-8f35-897f33a7b8c8" testListId="8c84fa94-04c1-424b-9868-57a2d4851a1d" />
    <TestEntry testId="6199eddb-75c8-d2ac-d687-af1e81ecfa20" executionId="395a4b33-35ba-43d1-b928-35fb1500f656" testListId="8c84fa94-04c1-424b-9868-57a2d4851a1d" />
    <TestEntry testId="bd93d7f1-b86f-5210-2589-b66ec3e8eb32" executionId="08ab5154-2f6c-4618-9a88-26a24ce8f738" testListId="8c84fa94-04c1-424b-9868-57a2d4851a1d" />
    <TestEntry testId="a3d4b2d4-68d8-743e-8f21-b9ca19f8b1b2" executionId="9e224d74-74da-4247-8a28-3b4939b2970b" testListId="8c84fa94-04c1-424b-9868-57a2d4851a1d" />
    <TestEntry testId="2bcc4490-32d9-3d90-8f0e-6079ba9e345a" executionId="9885ffde-9453-41ca-a2c3-c096f7d27376" testListId="8c84fa94-04c1-424b-9868-57a2d4851a1d" />
    <TestEntry testId="5b779511-9be5-cf31-092f-55c5c416231f" executionId="f918b24e-e0e1-4e13-b3a2-9a90c34ec89b" testListId="8c84fa94-04c1-424b-9868-57a2d4851a1d" />
    <TestEntry testId="38110dbb-4c54-c00d-67ec-d8c709fc0bd6" executionId="ee61e107-112b-4426-8651-a062d1416fe7" testListId="8c84fa94-04c1-424b-9868-57a2d4851a1d" />
    <TestEntry testId="93844514-1118-c739-0606-7aef5cbaaba2" executionId="dab3d960-d3d1-424c-a91b-d54047f76afb" testListId="8c84fa94-04c1-424b-9868-57a2d4851a1d" />
    <TestEntry testId="5de81687-9c3b-540b-46e1-53e6f61f68f4" executionId="1c74e747-7eb5-442d-a2aa-f3186ab4a3b8" testListId="8c84fa94-04c1-424b-9868-57a2d4851a1d" />
    <TestEntry testId="e8d40798-e1e7-c63b-5d8e-567fdc8c6f5b" executionId="b39fdf08-cc0d-4944-852a-1cf672a3e011" testListId="8c84fa94-04c1-424b-9868-57a2d4851a1d" />
    <TestEntry testId="ba8430a0-b50f-156f-34eb-0fff2cbc4b2f" executionId="688f6fb6-3e4f-4f9a-9379-f41994be1470" testListId="8c84fa94-04c1-424b-9868-57a2d4851a1d" />
    <TestEntry testId="e3c1a298-9885-4920-d800-f1a4820fd194" executionId="75dead66-a3b6-439e-bd6f-6714b85983a2" testListId="8c84fa94-04c1-424b-9868-57a2d4851a1d" />
  </TestEntries>
  <TestLists>
    <TestList name="Results Not in a List" id="8c84fa94-04c1-424b-9868-57a2d4851a1d" />
    <TestList name="All Loaded Results" id="19431567-8539-422a-85d7-44ee4e166bda" />
  </TestLists>
  <ResultSummary outcome="Failed">
    <Counters total="43" executed="43" passed="41" failed="2" error="0" timeout="0" aborted="0" inconclusive="0" passedButRunAborted="0" notRunnable="0" notExecuted="0" disconnected="0" warning="0" completed="0" inProgress="0" pending="0" />
    <Output>
      <StdOut>[xUnit.net 00:00:00.00] xUnit.net VSTest Adapter v3.1.5+1b188a7b0a (64-bit .NET 10.0.5)&#xD;
[xUnit.net 00:00:00.23]   Discovering: GreenAi.E2E&#xD;
[xUnit.net 00:00:00.49]   Discovered:  GreenAi.E2E&#xD;
[xUnit.net 00:00:00.71]   Starting:    GreenAi.E2E&#xD;
[xUnit.net 00:02:39.79]       System.Exception : E2E FAILURE: Timeout waiting for '[data-testid='customer-list']'

URL:     http://localhost:5057/select-customer
Screenshot: C:\Udvikling\green-ai\tests\GreenAi.E2E\bin\Debug\net10.0\..\..\..\TestResults\Screenshots\LabelCoverageE2ETests_20260405_161437.png

Browser console errors:
  (none)

Recent DB logs (Logs table):
  (no rows in Logs table)&#xD;
[xUnit.net 00:02:39.79]       Stack Trace:&#xD;
[xUnit.net 00:02:39.79]         C:\Udvikling\green-ai\tests\GreenAi.E2E\E2ETestBase.cs(101,0): at GreenAi.E2E.E2ETestBase.FailAsync(String reason)&#xD;
[xUnit.net 00:02:39.79]         C:\Udvikling\green-ai\tests\GreenAi.E2E\E2ETestBase.cs(79,0): at GreenAi.E2E.E2ETestBase.WaitOrFailAsync(String selector, Int32 timeoutMs, String hint)&#xD;
[xUnit.net 00:02:39.79]         C:\Udvikling\green-ai\tests\GreenAi.E2E\LabelCoverageE2ETests.cs(129,0): at GreenAi.E2E.LabelCoverageE2ETests.SelectCustomer_NoMissingLabels()&#xD;
[xUnit.net 00:02:39.79]         --- End of stack trace from previous location ---&#xD;
[xUnit.net 00:03:04.53]       System.Exception : E2E FAILURE: Timeout waiting for '[data-testid='profile-list']'

URL:     http://localhost:5057/select-profile
Screenshot: C:\Udvikling\green-ai\tests\GreenAi.E2E\bin\Debug\net10.0\..\..\..\TestResults\Screenshots\LabelCoverageE2ETests_20260405_161502.png

Browser console errors:
  (none)

Recent DB logs (Logs table):
  (no rows in Logs table)&#xD;
[xUnit.net 00:03:04.53]       Stack Trace:&#xD;
[xUnit.net 00:03:04.53]         C:\Udvikling\green-ai\tests\GreenAi.E2E\E2ETestBase.cs(101,0): at GreenAi.E2E.E2ETestBase.FailAsync(String reason)&#xD;
[xUnit.net 00:03:04.53]         C:\Udvikling\green-ai\tests\GreenAi.E2E\E2ETestBase.cs(79,0): at GreenAi.E2E.E2ETestBase.WaitOrFailAsync(String selector, Int32 timeoutMs, String hint)&#xD;
[xUnit.net 00:03:04.53]         C:\Udvikling\green-ai\tests\GreenAi.E2E\LabelCoverageE2ETests.cs(139,0): at GreenAi.E2E.LabelCoverageE2ETests.SelectProfile_NoMissingLabels()&#xD;
[xUnit.net 00:03:04.53]         --- End of stack trace from previous location ---&#xD;
[xUnit.net 00:03:52.77]   Finished:    GreenAi.E2E (ID = 'b22c8369b1bbe770defd711cb8a9268ada6d4b894a82e516ae76dd9d44f93e08')&#xD;
</StdOut>
    </Output>
    <RunInfos>
      <RunInfo computerName="LAPTOP-2Q5GS5I8" outcome="Error" timestamp="2026-04-05T18:14:38.1139245+02:00">
        <Text>[xUnit.net 00:02:39.79]     GreenAi.E2E.LabelCoverageE2ETests.SelectCustomer_NoMissingLabels [FAIL]</Text>
      </RunInfo>
      <RunInfo computerName="LAPTOP-2Q5GS5I8" outcome="Error" timestamp="2026-04-05T18:15:02.8536167+02:00">
        <Text>[xUnit.net 00:03:04.53]     GreenAi.E2E.LabelCoverageE2ETests.SelectProfile_NoMissingLabels [FAIL]</Text>
      </RunInfo>
    </RunInfos>
  </ResultSummary>
</TestRun>